******************************************************************************
                  TI ARM Linker PC v20.2.4                     
******************************************************************************
>> Linked Mon Dec  6 17:48:05 2021

OUTPUT FILE NAME:   <blinkled_msp432p401r_MSP_EXP432P401R_nortos_ccs.out>
ENTRY POINT SYMBOL: "_c_int00_noargs"  address: 00003ec5


MEMORY CONFIGURATION

         name            origin    length      used     unused   attr    fill
----------------------  --------  ---------  --------  --------  ----  --------
  MAIN                  00000000   00040000  0000446c  0003bb94  R  X
  INFO                  00200000   00004000  00000000  00004000  R  X
  SRAM_CODE             01000000   00010000  00001aac  0000e554  RW X
  SRAM_DATA             20000000   00010000  00001aac  0000e554  RW  


SEGMENT ALLOCATION MAP

run origin  load origin   length   init length attrs members
----------  ----------- ---------- ----------- ----- -------
00000000    00000000    00004470   00004470    r-x
  00000000    00000000    000000e4   000000e4    r-- .intvecs
  000000e4    000000e4    000041dc   000041dc    r-x .text
  000042c0    000042c0    00000154   00000154    r-- .const
  00004418    00004418    00000058   00000058    r-- .cinit
20000000    20000000    000018ac   00000000    rw-
  20000000    20000000    00001824   00000000    rw- .bss
  20001824    20001824    00000088   00000000    rw- .data
2000fe00    2000fe00    00000200   00000000    rw-
  2000fe00    2000fe00    00000200   00000000    rw- .stack


SECTION ALLOCATION MAP

 output                                  attributes/
section   page    origin      length       input sections
--------  ----  ----------  ----------   ----------------
.intvecs   0    00000000    000000e4     
                  00000000    000000e4     startup_msp432p401r_ccs.obj (.intvecs:retain)

.text      0    000000e4    000041dc     
                  000000e4    00000a4e     rtsv7M4_T_le_v4SPD16_eabi.lib : _printfi.c.obj (.text:__TI_printfi)
                  00000b32    00000002     startup_msp432p401r_ccs.obj (.text:Default_Handler)
                  00000b34    000006a0     main.obj (.text:main)
                  000011d4    00000270     rtsv7M4_T_le_v4SPD16_eabi.lib : _printfi.c.obj (.text:_pconv_a)
                  00001444    000001d0                                   : _printfi.c.obj (.text:_pconv_g)
                  00001614    000001b6                                   : fd_add_t2.asm.obj (.text)
                  000017ca    00000002                                   : div0.asm.obj (.text)
                  000017cc    0000015c     msp432p4xx_driverlib.lib : pcm.o (.text:__PCM_setPowerModeAdvanced)
                  00001928    00000158     UART_Driver.obj (.text:UART_Printf)
                  00001a80    00000144     msp432p4xx_driverlib.lib : timer_a.o (.text:privateTimer_AProcessClockSourceDivider)
                  00001bc4    00000140     UART_Driver.obj (.text:UART_Read)
                  00001d04    0000013c     rtsv7M4_T_le_v4SPD16_eabi.lib : _printfi.c.obj (.text:_pconv_e)
                  00001e40    00000136                                   : fd_div_t2.asm.obj (.text)
                  00001f76    00000002     --HOLE-- [fill = 0]
                  00001f78    00000124                                   : _printfi.c.obj (.text:fcvt)
                  0000209c    0000011c     msp432p4xx_driverlib.lib : uart.o (.text:UART_initModule)
                  000021b8    00000110     rtsv7M4_T_le_v4SPD16_eabi.lib : s_scalbn.c.obj (.text:scalbn)
                  000022c8    00000108     msp432p4xx_driverlib.lib : pcm.o (.text:__PCM_setCoreVoltageLevelAdvanced)
                  000023d0    00000104                              : cs.o (.text:_CSComputeCLKFrequency)
                  000024d4    000000fc     rtsv7M4_T_le_v4SPD16_eabi.lib : fd_mul_t2.asm.obj (.text)
                  000025d0    000000f8     msp432p4xx_driverlib.lib : cs.o (.text:CS_getDCOFrequency)
                  000026c8    000000cc     ESP8266.obj (.text:ESP8266_EstablishConnection)
                  00002794    000000b1     rtsv7M4_T_le_v4SPD16_eabi.lib : _printfi.c.obj (.text:_ltostr)
                  00002845    00000003     --HOLE-- [fill = 0]
                  00002848    000000a0     main.obj (.text:PORT3_IRQHandler)
                  000028e8    0000009c     UART_Driver.obj (.text:EUSCIA0_IRQHandler)
                  00002984    0000009c     rtsv7M4_T_le_v4SPD16_eabi.lib : memcpy_t2.asm.obj (.text)
                  00002a20    00000098     ESP8266.obj (.text:ESP8266_SendData)
                  00002ab8    00000096     rtsv7M4_T_le_v4SPD16_eabi.lib : ull_div_t2.asm.obj (.text)
                  00002b4e    00000002     --HOLE-- [fill = 0]
                  00002b50    00000094     msp432p4xx_driverlib.lib : sysctl_a.o (.text:SysCtl_A_getTLVInfo)
                  00002be4    0000008c     ESP8266.obj (.text:ESP8266_WaitForAnswer)
                  00002c70    0000008c     UART_Driver.obj (.text:EUSCIA2_IRQHandler)
                  00002cfc    00000088     msp432p4xx_driverlib.lib : gpio.o (.text:GPIO_setAsPeripheralModuleFunctionOutputPin)
                  00002d84    00000088     main.obj (.text:getHCSR04Distance)
                  00002e0c    00000086     rtsv7M4_T_le_v4SPD16_eabi.lib : fd_cmp_t2.asm.obj (.text:__aeabi_cdcmple)
                  00002e92    00000086                                   : fd_cmp_t2.asm.obj (.text:__aeabi_cdrcmple)
                  00002f18    00000084     msp432p4xx_driverlib.lib : gpio.o (.text:GPIO_getEnabledInterruptStatus)
                  00002f9c    00000080                              : interrupt.o (.text:Interrupt_enableInterrupt)
                  0000301c    0000007c                              : cs.o (.text:_CSGetDOCFrequency)
                  00003098    0000007a     rtsv7M4_T_le_v4SPD16_eabi.lib : memset_t2.asm.obj (.text)
                  00003112    00000002     --HOLE-- [fill = 0]
                  00003114    00000078     ESP8266.obj (.text:ESP8266_ConnectToAP)
                  0000318c    00000078     system_msp432p401r.obj (.text:SystemInit)
                  00003204    00000074     msp432p4xx_driverlib.lib : timer_a.o (.text:Timer_A_generatePWM)
                  00003278    00000070     main.obj (.text:PORT1_IRQHandler)
                  000032e8    0000006e     rtsv7M4_T_le_v4SPD16_eabi.lib : _printfi.c.obj (.text:_mcpy)
                  00003356    00000002     --HOLE-- [fill = 0]
                  00003358    0000006e                                   : ltoa.c.obj (.text:ltoa)
                  000033c6    00000002     --HOLE-- [fill = 0]
                  000033c8    0000006c     main.obj (.text:addSpeed)
                  00003434    00000068     msp432p4xx_driverlib.lib : timer_a.o (.text:Timer_A_configureUpMode)
                  0000349c    00000068     rtsv7M4_T_le_v4SPD16_eabi.lib : copy_decompress_lzss.c.obj (.text:decompress:lzss:__TI_decompress_lzss)
                  00003504    00000064     msp432p4xx_driverlib.lib : uart.o (.text:UART_getEnabledInterruptStatus)
                  00003568    00000064     rtsv7M4_T_le_v4SPD16_eabi.lib : s_frexp.c.obj (.text:frexp)
                  000035cc    00000062     msp432p4xx_driverlib.lib : cs.o (.text:_CSGetDividerValue)
                  0000362e    0000005e                              : pcm.o (.text:PCM_getCoreVoltageLevel)
                  0000368c    0000005c     main.obj (.text:moveBack)
                  000036e8    0000005c     main.obj (.text:moveForward)
                  00003744    0000005a     msp432p4xx_driverlib.lib : pcm.o (.text:PCM_getPowerMode)
                  0000379e    00000002     --HOLE-- [fill = 0]
                  000037a0    00000058                              : gpio.o (.text:GPIO_setAsInputPinWithPullDownResistor)
                  000037f8    00000058                              : gpio.o (.text:GPIO_setAsInputPinWithPullUpResistor)
                  00003850    00000058     main.obj (.text:reduceSpeed)
                  000038a8    00000058     main.obj (.text:sendData)
                  00003900    00000056     rtsv7M4_T_le_v4SPD16_eabi.lib : _printfi.c.obj (.text:_pconv_f)
                  00003956    00000002     --HOLE-- [fill = 0]
                  00003958    00000054     main.obj (.text:Initalise_HCSR04)
                  000039ac    00000054     rtsv7M4_T_le_v4SPD16_eabi.lib : _ltoa.c.obj (.text:__TI_ltoa)
                  00003a00    00000052                                   : _printfi.c.obj (.text:_ecpy)
                  00003a52    00000002     --HOLE-- [fill = 0]
                  00003a54    00000050     ESP8266.obj (.text:ESP8266_AvailableAPs)
                  00003aa4    00000050     main.obj (.text:ESP8266_SETAP3)
                  00003af4    0000004c     msp432p4xx_driverlib.lib : timer_a.o (.text:Timer_A_getCounterValue)
                  00003b40    0000004c     rtsv7M4_T_le_v4SPD16_eabi.lib : atoi.c.obj (.text:atoi)
                  00003b8c    00000048     main.obj (.text:ESP8266_GETIP)
                  00003bd4    00000048     msp432p4xx_driverlib.lib : flash.o (.text:FlashCtl_setWaitState)
                  00003c1c    00000048     rtsv7M4_T_le_v4SPD16_eabi.lib : fd_toi_t2.asm.obj (.text)
                  00003c64    00000044                                   : autoinit.c.obj (.text:__TI_auto_init_nobinit_nopinit:__TI_auto_init_nobinit_nopinit)
                  00003ca8    00000040     msp432p4xx_driverlib.lib : gpio.o (.text:GPIO_setAsOutputPin)
                  00003ce8    00000040     UART_Driver.obj (.text:UART_Write)
                  00003d28    00000040     rtsv7M4_T_le_v4SPD16_eabi.lib : sprintf.c.obj (.text:sprintf)
                  00003d68    0000003e                                   : _printfi.c.obj (.text:_fcpy)
                  00003da6    00000002     --HOLE-- [fill = 0]
                  00003da8    0000003c     main.obj (.text:moveLeft)
                  00003de4    0000003c     main.obj (.text:moveRight)
                  00003e20    00000038     main.obj (.text:getHCSR04Time)
                  00003e58    00000038     rtsv7M4_T_le_v4SPD16_eabi.lib : fs_tod_t2.asm.obj (.text)
                  00003e90    00000034     msp432p4xx_driverlib.lib : cs.o (.text:CS_setDCOCenteredFrequency)
                  00003ec4    00000034     rtsv7M4_T_le_v4SPD16_eabi.lib : boot_cortex_m.c.obj (.text:_c_int00_noargs:_c_int00_noargs)
                  00003ef8    00000034     main.obj (.text:moveStop)
                  00003f2c    00000034     rtsv7M4_T_le_v4SPD16_eabi.lib : strstr.c.obj (.text:strstr)
                  00003f60    00000030     msp432p4xx_driverlib.lib : cs.o (.text:CS_clearInterruptFlag)
                  00003f90    00000030                              : gpio.o (.text:GPIO_getInputPinValue)
                  00003fc0    0000002e     rtsv7M4_T_le_v4SPD16_eabi.lib : i_tofd_t2.asm.obj (.text)
                  00003fee    00000002     --HOLE-- [fill = 0]
                  00003ff0    0000002c     msp432p4xx_driverlib.lib : timer_a.o (.text:Timer_A_clearCaptureCompareInterrupt)
                  0000401c    00000028                              : cs.o (.text:CS_getSMCLK)
                  00004044    00000028                              : gpio.o (.text:GPIO_clearInterruptFlag)
                  0000406c    00000028                              : gpio.o (.text:GPIO_enableInterrupt)
                  00004094    00000028                              : gpio.o (.text:GPIO_setOutputHighOnPin)
                  000040bc    00000028                              : gpio.o (.text:GPIO_setOutputLowOnPin)
                  000040e4    00000024     main.obj (.text:Delay)
                  00004108    00000024     msp432p4xx_driverlib.lib : gpio.o (.text:GPIO_getInterruptStatus)
                  0000412c    0000001c     main.obj (.text:TA0_0_IRQHandler)
                  00004148    0000001c     rtsv7M4_T_le_v4SPD16_eabi.lib : memccpy.c.obj (.text:memccpy)
                  00004164    0000001a                                   : s_copysign.c.obj (.text:copysign)
                  0000417e    00000002     --HOLE-- [fill = 0]
                  00004180    00000018     msp432p4xx_driverlib.lib : timer_a.o (.text:Timer_A_clearTimer)
                  00004198    00000018                              : uart.o (.text:UART_getInterruptStatus)
                  000041b0    00000018     rtsv7M4_T_le_v4SPD16_eabi.lib : sprintf.c.obj (.text:_outs)
                  000041c8    00000016     msp432p4xx_driverlib.lib : timer_a.o (.text:Timer_A_startCounter)
                  000041de    00000016     rtsv7M4_T_le_v4SPD16_eabi.lib : strchr.c.obj (.text:strchr)
                  000041f4    00000014     msp432p4xx_driverlib.lib : pcm.o (.text:PCM_getPowerState)
                  00004208    00000014                              : timer_a.o (.text:Timer_A_stopTimer)
                  0000421c    00000014     rtsv7M4_T_le_v4SPD16_eabi.lib : strcpy.c.obj (.text:strcpy)
                  00004230    00000014                                   : strlen.c.obj (.text:strlen)
                  00004244    00000012                                   : wcslen.c.obj (.text:wcslen)
                  00004256    00000010     msp432p4xx_driverlib.lib : pcm.o (.text:PCM_setCoreVoltageLevel)
                  00004266    00000010                              : pcm.o (.text:PCM_setPowerMode)
                  00004276    0000000e     rtsv7M4_T_le_v4SPD16_eabi.lib : copy_decompress_none.c.obj (.text:decompress:none:__TI_decompress_none)
                  00004284    0000000c     startup_msp432p401r_ccs.obj (.text:Reset_Handler)
                  00004290    0000000c     rtsv7M4_T_le_v4SPD16_eabi.lib : copy_zero_init.c.obj (.text:decompress:ZI:__TI_zero_init)
                  0000429c    0000000a                                   : sprintf.c.obj (.text:_outc)
                  000042a6    00000002     --HOLE-- [fill = 0]
                  000042a8    00000008     ESP8266.obj (.text:ESP8266_GetBuffer)
                  000042b0    00000008     rtsv7M4_T_le_v4SPD16_eabi.lib : errno.c.obj (.text:__aeabi_errno_addr)
                  000042b8    00000004                                   : pre_init.c.obj (.text:_system_pre_init)
                  000042bc    00000004                                   : exit.c.obj (.text:abort:abort)

.const     0    000042c0    00000154     
                  000042c0    00000101     rtsv7M4_T_le_v4SPD16_eabi.lib : ctype.c.obj (.const:.string:_ctypes_)
                  000043c1    00000003     --HOLE-- [fill = 0]
                  000043c4    00000030     msp432p4xx_driverlib.lib : gpio.o (.const:GPIO_PORT_TO_BASE)
                  000043f4    00000018     main.obj (.const:$P$T0$1)
                  0000440c    00000008     msp432p4xx_driverlib.lib : interrupt.o (.const:g_pulEnRegs)

.cinit     0    00004418    00000058     
                  00004418    00000032     (.cinit..data.load) [load image, compression = lzss]
                  0000444a    00000002     --HOLE-- [fill = 0]
                  0000444c    0000000c     (__TI_handler_table)
                  00004458    00000008     (.cinit..bss.load) [load image, compression = zero_init]
                  00004460    00000010     (__TI_cinit_table)

.init_array 
*          0    00000000    00000000     UNINITIALIZED

.binit     0    00000000    00000000     

.bss       0    20000000    00001824     UNINITIALIZED
                  20000000    00000800     (.common:ESP8266_Buffer)
                  20000800    00000800     (.common:UARTA0Data)
                  20001000    00000800     (.common:UARTA2Data)
                  20001800    00000008     msp432p4xx_driverlib.lib : cs.o (.bss)
                  20001808    00000004     (.common:SR04IntTimes)
                  2000180c    00000004     (.common:UARTA0ReadIndex)
                  20001810    00000004     (.common:UARTA0WriteIndex)
                  20001814    00000004     (.common:UARTA2ReadIndex)
                  20001818    00000004     (.common:UARTA2WriteIndex)
                  2000181c    00000004     (.common:notchesdetectedLeft)
                  20001820    00000004     (.common:notchesdetectedRight)

.data      0    20001824    00000088     UNINITIALIZED
                  20001824    00000028     main.obj (.data:UART0Config)
                  2000184c    00000028     main.obj (.data:UART2Config)
                  20001874    00000018     main.obj (.data:pwmConfigLeft)
                  2000188c    00000018     main.obj (.data:pwmConfigRight)
                  200018a4    00000004     main.obj (.data)
                  200018a8    00000004     rtsv7M4_T_le_v4SPD16_eabi.lib : errno.c.obj (.data)

.stack     0    2000fe00    00000200     UNINITIALIZED
                  2000fe00    00000004     rtsv7M4_T_le_v4SPD16_eabi.lib : boot_cortex_m.c.obj (.stack)
                  2000fe04    000001fc     --HOLE--

__llvm_prf_cnts 
*          0    20000000    00000000     UNINITIALIZED

MODULE SUMMARY

       Module                        code    ro data   rw data
       ------                        ----    -------   -------
    .\
       ESP8266.obj                   704     0         12320  
       main.obj                      3100    24        288    
       UART_Driver.obj               1024    0         0      
       system_msp432p401r.obj        120     0         0      
    +--+-----------------------------+-------+---------+---------+
       Total:                        4948    24        12608  
                                                              
    .\ccs\
       startup_msp432p401r_ccs.obj   14      228       0      
    +--+-----------------------------+-------+---------+---------+
       Total:                        14      228       0      
                                                              
    C:\ti\ti-cgt-arm_20.2.4.LTS\lib\rtsv7M4_T_le_v4SPD16_eabi.lib
       _printfi.c.obj                4851    0         0      
       fd_add_t2.asm.obj             438     0         0      
       fd_div_t2.asm.obj             310     0         0      
       s_scalbn.c.obj                272     0         0      
       fd_cmp_t2.asm.obj             268     0         0      
       ctype.c.obj                   0       257       0      
       fd_mul_t2.asm.obj             252     0         0      
       memcpy_t2.asm.obj             156     0         0      
       ull_div_t2.asm.obj            150     0         0      
       memset_t2.asm.obj             122     0         0      
       ltoa.c.obj                    110     0         0      
       copy_decompress_lzss.c.obj    104     0         0      
       s_frexp.c.obj                 100     0         0      
       sprintf.c.obj                 98      0         0      
       _ltoa.c.obj                   84      0         0      
       atoi.c.obj                    76      0         0      
       fd_toi_t2.asm.obj             72      0         0      
       autoinit.c.obj                68      0         0      
       fs_tod_t2.asm.obj             56      0         0      
       boot_cortex_m.c.obj           52      0         0      
       strstr.c.obj                  52      0         0      
       i_tofd_t2.asm.obj             46      0         0      
       memccpy.c.obj                 28      0         0      
       s_copysign.c.obj              26      0         0      
       strchr.c.obj                  22      0         0      
       strcpy.c.obj                  20      0         0      
       strlen.c.obj                  20      0         0      
       wcslen.c.obj                  18      0         0      
       errno.c.obj                   8       0         8      
       copy_decompress_none.c.obj    14      0         0      
       copy_zero_init.c.obj          12      0         0      
       exit.c.obj                    4       0         0      
       pre_init.c.obj                4       0         0      
       div0.asm.obj                  2       0         0      
    +--+-----------------------------+-------+---------+---------+
       Total:                        7915    257       8      
                                                              
    F:/ti/simplelink_msp432p4_sdk_3_40_01_02/source/ti/devices/msp432p4xx/driverlib/ccs/msp432p4xx_driverlib.lib
       cs.o                          870     0         16     
       pcm.o                         848     0         0      
       gpio.o                        752     48        0      
       timer_a.o                     730     0         0      
       uart.o                        408     0         0      
       sysctl_a.o                    148     0         0      
       interrupt.o                   128     8         0      
       flash.o                       72      0         0      
    +--+-----------------------------+-------+---------+---------+
       Total:                        3956    56        16     
                                                              
       Stack:                        0       0         1024   
       Linker Generated:             0       86        0      
    +--+-----------------------------+-------+---------+---------+
       Grand Total:                  16833   651       13656  


LINKER GENERATED COPY TABLES

__TI_cinit_table @ 00004460 records: 2, size/record: 8, table size: 16
	.data: load addr=00004418, load size=00000032 bytes, run addr=20001824, run size=00000088 bytes, compression=lzss
	.bss: load addr=00004458, load size=00000008 bytes, run addr=20000000, run size=00001824 bytes, compression=zero_init


LINKER GENERATED HANDLER TABLE

__TI_handler_table @ 0000444c records: 3, size/record: 4, table size: 12
	index: 0, handler: __TI_decompress_lzss
	index: 1, handler: __TI_decompress_none
	index: 2, handler: __TI_zero_init


GLOBAL SYMBOLS: SORTED ALPHABETICALLY BY Name 

address   name                                       
-------   ----                                       
00000b33  ADC14_IRQHandler                           
00000b33  AES256_IRQHandler                          
00000b33  BusFault_Handler                           
000042bd  C$$EXIT                                    
00000b33  COMP_E0_IRQHandler                         
00000b33  COMP_E1_IRQHandler                         
00000b33  CS_IRQHandler                              
00003f61  CS_clearInterruptFlag                      
000025d1  CS_getDCOFrequency                         
0000401d  CS_getSMCLK                                
00003e91  CS_setDCOCenteredFrequency                 
00000b33  DMA_ERR_IRQHandler                         
00000b33  DMA_INT0_IRQHandler                        
00000b33  DMA_INT1_IRQHandler                        
00000b33  DMA_INT2_IRQHandler                        
00000b33  DMA_INT3_IRQHandler                        
00000b33  DebugMon_Handler                           
00000b33  Default_Handler                            
00003a55  ESP8266_AvailableAPs                       
20000000  ESP8266_Buffer                             
00003115  ESP8266_ConnectToAP                        
000026c9  ESP8266_EstablishConnection                
00003b8d  ESP8266_GETIP                              
000042a9  ESP8266_GetBuffer                          
00003aa5  ESP8266_SETAP3                             
00002a21  ESP8266_SendData                           
00002be5  ESP8266_WaitForAnswer                      
000028e9  EUSCIA0_IRQHandler                         
000028e9  EUSCIA0_IRQHandler                         
00000b33  EUSCIA1_IRQHandler                         
00002c71  EUSCIA2_IRQHandler                         
00002c71  EUSCIA2_IRQHandler                         
00000b33  EUSCIA3_IRQHandler                         
00000b33  EUSCIB0_IRQHandler                         
00000b33  EUSCIB1_IRQHandler                         
00000b33  EUSCIB2_IRQHandler                         
00000b33  EUSCIB3_IRQHandler                         
00000b33  FLCTL_IRQHandler                           
00000b33  FPU_IRQHandler                             
00003bd5  FlashCtl_setWaitState                      
00004045  GPIO_clearInterruptFlag                    
0000406d  GPIO_enableInterrupt                       
00002f19  GPIO_getEnabledInterruptStatus             
00003f91  GPIO_getInputPinValue                      
00004109  GPIO_getInterruptStatus                    
000037a1  GPIO_setAsInputPinWithPullDownResistor     
000037f9  GPIO_setAsInputPinWithPullUpResistor       
00003ca9  GPIO_setAsOutputPin                        
00002cfd  GPIO_setAsPeripheralModuleFunctionOutputPin
00004095  GPIO_setOutputHighOnPin                    
000040bd  GPIO_setOutputLowOnPin                     
00000b33  HardFault_Handler                          
00003959  Initalise_HCSR04                           
00002f9d  Interrupt_enableInterrupt                  
00000b33  MemManage_Handler                          
00000b33  NMI_Handler                                
00000b33  PCM_IRQHandler                             
0000362f  PCM_getCoreVoltageLevel                    
00003745  PCM_getPowerMode                           
000041f5  PCM_getPowerState                          
00004257  PCM_setCoreVoltageLevel                    
00004267  PCM_setPowerMode                           
00003279  PORT1_IRQHandler                           
00003279  PORT1_IRQHandler                           
00000b33  PORT2_IRQHandler                           
00002849  PORT3_IRQHandler                           
00002849  PORT3_IRQHandler                           
00000b33  PORT4_IRQHandler                           
00000b33  PORT5_IRQHandler                           
00000b33  PORT6_IRQHandler                           
00000b33  PSS_IRQHandler                             
00000b33  PendSV_Handler                             
00000b33  RTC_C_IRQHandler                           
00004285  Reset_Handler                              
20001808  SR04IntTimes                               
00000b33  SVC_Handler                                
00002b51  SysCtl_A_getTLVInfo                        
00000b33  SysTick_Handler                            
0000318d  SystemInit                                 
00000b33  T32_INT1_IRQHandler                        
00000b33  T32_INT2_IRQHandler                        
00000b33  T32_INTC_IRQHandler                        
0000412d  TA0_0_IRQHandler                           
0000412d  TA0_0_IRQHandler                           
00000b33  TA0_N_IRQHandler                           
00000b33  TA1_0_IRQHandler                           
00000b33  TA1_N_IRQHandler                           
00000b33  TA2_0_IRQHandler                           
00000b33  TA2_N_IRQHandler                           
00000b33  TA3_0_IRQHandler                           
00000b33  TA3_N_IRQHandler                           
00003ff1  Timer_A_clearCaptureCompareInterrupt       
00004181  Timer_A_clearTimer                         
00003435  Timer_A_configureUpMode                    
00003205  Timer_A_generatePWM                        
00003af5  Timer_A_getCounterValue                    
000041c9  Timer_A_startCounter                       
00004209  Timer_A_stopTimer                          
20001824  UART0Config                                
2000184c  UART2Config                                
20000800  UARTA0Data                                 
2000180c  UARTA0ReadIndex                            
20001810  UARTA0WriteIndex                           
20001000  UARTA2Data                                 
20001814  UARTA2ReadIndex                            
20001818  UARTA2WriteIndex                           
00001929  UART_Printf                                
00001bc5  UART_Read                                  
00003ce9  UART_Write                                 
00003505  UART_getEnabledInterruptStatus             
00004199  UART_getInterruptStatus                    
0000209d  UART_initModule                            
00000b33  UsageFault_Handler                         
4000480c  WDTCTL_SYM                                 
00000b33  WDT_A_IRQHandler                           
20010000  __STACK_END                                
00000200  __STACK_SIZE                               
00004460  __TI_CINIT_Base                            
00004470  __TI_CINIT_Limit                           
0000444c  __TI_Handler_Table_Base                    
00004458  __TI_Handler_Table_Limit                   
00003c65  __TI_auto_init_nobinit_nopinit             
0000349d  __TI_decompress_lzss                       
00004277  __TI_decompress_none                       
000039ad  __TI_ltoa                                  
ffffffff  __TI_pprof_out_hndl                        
000000e5  __TI_printfi                               
ffffffff  __TI_prof_data_size                        
ffffffff  __TI_prof_data_start                       
00000000  __TI_static_base__                         
00004291  __TI_zero_init                             
00002e0d  __aeabi_cdcmpeq                            
00002e0d  __aeabi_cdcmple                            
00002e93  __aeabi_cdrcmple                           
00003c1d  __aeabi_d2iz                               
0000161f  __aeabi_dadd                               
00001e41  __aeabi_ddiv                               
000024d5  __aeabi_dmul                               
00001615  __aeabi_dsub                               
000042b1  __aeabi_errno_addr                         
00003e59  __aeabi_f2d                                
00003fc1  __aeabi_i2d                                
000017cb  __aeabi_idiv0                              
000017cb  __aeabi_ldiv0                              
00003099  __aeabi_memclr                             
00003099  __aeabi_memclr4                            
00003099  __aeabi_memclr8                            
00002985  __aeabi_memcpy                             
00002985  __aeabi_memcpy4                            
00002985  __aeabi_memcpy8                            
0000309b  __aeabi_memset                             
0000309b  __aeabi_memset4                            
0000309b  __aeabi_memset8                            
00002ab9  __aeabi_uldivmod                           
ffffffff  __binit__                                  
ffffffff  __c_args__                                 
UNDEFED   __mpu_init                                 
2000fe00  __stack                                    
20000000  __start___llvm_prf_cnts                    
20000000  __stop___llvm_prf_cnts                     
00003ec5  _c_int00_noargs                            
000042c0  _ctypes_                                   
UNDEFED   _system_post_cinit                         
000042b9  _system_pre_init                           
000042bd  abort                                      
000033c9  addSpeed                                   
00003b41  atoi                                       
ffffffff  binit                                      
00004165  copysign                                   
00004165  copysignl                                  
200018a4  currentSpeed                               
200018a8  errno                                      
00003569  frexp                                      
00003569  frexpl                                     
00002d85  getHCSR04Distance                          
00000000  interruptVectors                           
000021b9  ldexp                                      
000021b9  ldexpl                                     
00003359  ltoa                                       
00000b35  main                                       
00004149  memccpy                                    
00002985  memcpy                                     
000030a1  memset                                     
0000368d  moveBack                                   
000036e9  moveForward                                
00003da9  moveLeft                                   
00003de5  moveRight                                  
00003ef9  moveStop                                   
2000181c  notchesdetectedLeft                        
20001820  notchesdetectedRight                       
20001874  pwmConfigLeft                              
2000188c  pwmConfigRight                             
00003851  reduceSpeed                                
000021b9  scalbn                                     
000021b9  scalbnl                                    
000038a9  sendData                                   
00003d29  sprintf                                    
000041df  strchr                                     
0000421d  strcpy                                     
00004231  strlen                                     
00003f2d  strstr                                     
00004245  wcslen                                     


GLOBAL SYMBOLS: SORTED BY Symbol Address 

address   name                                       
-------   ----                                       
00000000  __TI_static_base__                         
00000000  interruptVectors                           
000000e5  __TI_printfi                               
00000200  __STACK_SIZE                               
00000b33  ADC14_IRQHandler                           
00000b33  AES256_IRQHandler                          
00000b33  BusFault_Handler                           
00000b33  COMP_E0_IRQHandler                         
00000b33  COMP_E1_IRQHandler                         
00000b33  CS_IRQHandler                              
00000b33  DMA_ERR_IRQHandler                         
00000b33  DMA_INT0_IRQHandler                        
00000b33  DMA_INT1_IRQHandler                        
00000b33  DMA_INT2_IRQHandler                        
00000b33  DMA_INT3_IRQHandler                        
00000b33  DebugMon_Handler                           
00000b33  Default_Handler                            
00000b33  EUSCIA1_IRQHandler                         
00000b33  EUSCIA3_IRQHandler                         
00000b33  EUSCIB0_IRQHandler                         
00000b33  EUSCIB1_IRQHandler                         
00000b33  EUSCIB2_IRQHandler                         
00000b33  EUSCIB3_IRQHandler                         
00000b33  FLCTL_IRQHandler                           
00000b33  FPU_IRQHandler                             
00000b33  HardFault_Handler                          
00000b33  MemManage_Handler                          
00000b33  NMI_Handler                                
00000b33  PCM_IRQHandler                             
00000b33  PORT2_IRQHandler                           
00000b33  PORT4_IRQHandler                           
00000b33  PORT5_IRQHandler                           
00000b33  PORT6_IRQHandler                           
00000b33  PSS_IRQHandler                             
00000b33  PendSV_Handler                             
00000b33  RTC_C_IRQHandler                           
00000b33  SVC_Handler                                
00000b33  SysTick_Handler                            
00000b33  T32_INT1_IRQHandler                        
00000b33  T32_INT2_IRQHandler                        
00000b33  T32_INTC_IRQHandler                        
00000b33  TA0_N_IRQHandler                           
00000b33  TA1_0_IRQHandler                           
00000b33  TA1_N_IRQHandler                           
00000b33  TA2_0_IRQHandler                           
00000b33  TA2_N_IRQHandler                           
00000b33  TA3_0_IRQHandler                           
00000b33  TA3_N_IRQHandler                           
00000b33  UsageFault_Handler                         
00000b33  WDT_A_IRQHandler                           
00000b35  main                                       
00001615  __aeabi_dsub                               
0000161f  __aeabi_dadd                               
000017cb  __aeabi_idiv0                              
000017cb  __aeabi_ldiv0                              
00001929  UART_Printf                                
00001bc5  UART_Read                                  
00001e41  __aeabi_ddiv                               
0000209d  UART_initModule                            
000021b9  ldexp                                      
000021b9  ldexpl                                     
000021b9  scalbn                                     
000021b9  scalbnl                                    
000024d5  __aeabi_dmul                               
000025d1  CS_getDCOFrequency                         
000026c9  ESP8266_EstablishConnection                
00002849  PORT3_IRQHandler                           
00002849  PORT3_IRQHandler                           
000028e9  EUSCIA0_IRQHandler                         
000028e9  EUSCIA0_IRQHandler                         
00002985  __aeabi_memcpy                             
00002985  __aeabi_memcpy4                            
00002985  __aeabi_memcpy8                            
00002985  memcpy                                     
00002a21  ESP8266_SendData                           
00002ab9  __aeabi_uldivmod                           
00002b51  SysCtl_A_getTLVInfo                        
00002be5  ESP8266_WaitForAnswer                      
00002c71  EUSCIA2_IRQHandler                         
00002c71  EUSCIA2_IRQHandler                         
00002cfd  GPIO_setAsPeripheralModuleFunctionOutputPin
00002d85  getHCSR04Distance                          
00002e0d  __aeabi_cdcmpeq                            
00002e0d  __aeabi_cdcmple                            
00002e93  __aeabi_cdrcmple                           
00002f19  GPIO_getEnabledInterruptStatus             
00002f9d  Interrupt_enableInterrupt                  
00003099  __aeabi_memclr                             
00003099  __aeabi_memclr4                            
00003099  __aeabi_memclr8                            
0000309b  __aeabi_memset                             
0000309b  __aeabi_memset4                            
0000309b  __aeabi_memset8                            
000030a1  memset                                     
00003115  ESP8266_ConnectToAP                        
0000318d  SystemInit                                 
00003205  Timer_A_generatePWM                        
00003279  PORT1_IRQHandler                           
00003279  PORT1_IRQHandler                           
00003359  ltoa                                       
000033c9  addSpeed                                   
00003435  Timer_A_configureUpMode                    
0000349d  __TI_decompress_lzss                       
00003505  UART_getEnabledInterruptStatus             
00003569  frexp                                      
00003569  frexpl                                     
0000362f  PCM_getCoreVoltageLevel                    
0000368d  moveBack                                   
000036e9  moveForward                                
00003745  PCM_getPowerMode                           
000037a1  GPIO_setAsInputPinWithPullDownResistor     
000037f9  GPIO_setAsInputPinWithPullUpResistor       
00003851  reduceSpeed                                
000038a9  sendData                                   
00003959  Initalise_HCSR04                           
000039ad  __TI_ltoa                                  
00003a55  ESP8266_AvailableAPs                       
00003aa5  ESP8266_SETAP3                             
00003af5  Timer_A_getCounterValue                    
00003b41  atoi                                       
00003b8d  ESP8266_GETIP                              
00003bd5  FlashCtl_setWaitState                      
00003c1d  __aeabi_d2iz                               
00003c65  __TI_auto_init_nobinit_nopinit             
00003ca9  GPIO_setAsOutputPin                        
00003ce9  UART_Write                                 
00003d29  sprintf                                    
00003da9  moveLeft                                   
00003de5  moveRight                                  
00003e59  __aeabi_f2d                                
00003e91  CS_setDCOCenteredFrequency                 
00003ec5  _c_int00_noargs                            
00003ef9  moveStop                                   
00003f2d  strstr                                     
00003f61  CS_clearInterruptFlag                      
00003f91  GPIO_getInputPinValue                      
00003fc1  __aeabi_i2d                                
00003ff1  Timer_A_clearCaptureCompareInterrupt       
0000401d  CS_getSMCLK                                
00004045  GPIO_clearInterruptFlag                    
0000406d  GPIO_enableInterrupt                       
00004095  GPIO_setOutputHighOnPin                    
000040bd  GPIO_setOutputLowOnPin                     
00004109  GPIO_getInterruptStatus                    
0000412d  TA0_0_IRQHandler                           
0000412d  TA0_0_IRQHandler                           
00004149  memccpy                                    
00004165  copysign                                   
00004165  copysignl                                  
00004181  Timer_A_clearTimer                         
00004199  UART_getInterruptStatus                    
000041c9  Timer_A_startCounter                       
000041df  strchr                                     
000041f5  PCM_getPowerState                          
00004209  Timer_A_stopTimer                          
0000421d  strcpy                                     
00004231  strlen                                     
00004245  wcslen                                     
00004257  PCM_setCoreVoltageLevel                    
00004267  PCM_setPowerMode                           
00004277  __TI_decompress_none                       
00004285  Reset_Handler                              
00004291  __TI_zero_init                             
000042a9  ESP8266_GetBuffer                          
000042b1  __aeabi_errno_addr                         
000042b9  _system_pre_init                           
000042bd  C$$EXIT                                    
000042bd  abort                                      
000042c0  _ctypes_                                   
0000444c  __TI_Handler_Table_Base                    
00004458  __TI_Handler_Table_Limit                   
00004460  __TI_CINIT_Base                            
00004470  __TI_CINIT_Limit                           
20000000  ESP8266_Buffer                             
20000000  __start___llvm_prf_cnts                    
20000000  __stop___llvm_prf_cnts                     
20000800  UARTA0Data                                 
20001000  UARTA2Data                                 
20001808  SR04IntTimes                               
2000180c  UARTA0ReadIndex                            
20001810  UARTA0WriteIndex                           
20001814  UARTA2ReadIndex                            
20001818  UARTA2WriteIndex                           
2000181c  notchesdetectedLeft                        
20001820  notchesdetectedRight                       
20001824  UART0Config                                
2000184c  UART2Config                                
20001874  pwmConfigLeft                              
2000188c  pwmConfigRight                             
200018a4  currentSpeed                               
200018a8  errno                                      
2000fe00  __stack                                    
20010000  __STACK_END                                
4000480c  WDTCTL_SYM                                 
ffffffff  __TI_pprof_out_hndl                        
ffffffff  __TI_prof_data_size                        
ffffffff  __TI_prof_data_start                       
ffffffff  __binit__                                  
ffffffff  __c_args__                                 
ffffffff  binit                                      
UNDEFED   __mpu_init                                 
UNDEFED   _system_post_cinit                         

[202 symbols]
