<?xml version="1.0" encoding="ISO-8859-1" ?>
<link_info>
   <banner>TI ARM Linker PC v20.2.4.LTS</banner>
   <copyright>Copyright (c) 1996-2018 Texas Instruments Incorporated</copyright>
   <link_time>0x61addc55</link_time>
   <link_errors>0x0</link_errors>
   <output_file>blinkled_msp432p401r_MSP_EXP432P401R_nortos_ccs.out</output_file>
   <entry_point>
      <name>_c_int00_noargs</name>
      <address>0x3ec5</address>
   </entry_point>
   <input_file_list>
      <input_file id="fl-2">
         <path>.\</path>
         <kind>object</kind>
         <file>ESP8266.obj</file>
         <name>ESP8266.obj</name>
      </input_file>
      <input_file id="fl-3">
         <path>.\</path>
         <kind>object</kind>
         <file>UART_Driver.obj</file>
         <name>UART_Driver.obj</name>
      </input_file>
      <input_file id="fl-4">
         <path>.\</path>
         <kind>object</kind>
         <file>main.obj</file>
         <name>main.obj</name>
      </input_file>
      <input_file id="fl-5">
         <path>.\</path>
         <kind>object</kind>
         <file>system_msp432p401r.obj</file>
         <name>system_msp432p401r.obj</name>
      </input_file>
      <input_file id="fl-6">
         <path>.\ccs\</path>
         <kind>object</kind>
         <file>startup_msp432p401r_ccs.obj</file>
         <name>startup_msp432p401r_ccs.obj</name>
      </input_file>
      <input_file id="fl-10">
         <kind>object</kind>
         <file>&lt;internal&gt;</file>
         <name>&lt;internal&gt;</name>
      </input_file>
      <input_file id="fl-11">
         <path>F:\ti\simplelink_msp432p4_sdk_3_40_01_02\source\ti\devices\msp432p4xx\driverlib\ccs\</path>
         <kind>archive</kind>
         <file>msp432p4xx_driverlib.lib</file>
         <name>cs.o</name>
      </input_file>
      <input_file id="fl-12">
         <path>F:\ti\simplelink_msp432p4_sdk_3_40_01_02\source\ti\devices\msp432p4xx\driverlib\ccs\</path>
         <kind>archive</kind>
         <file>msp432p4xx_driverlib.lib</file>
         <name>flash.o</name>
      </input_file>
      <input_file id="fl-13">
         <path>F:\ti\simplelink_msp432p4_sdk_3_40_01_02\source\ti\devices\msp432p4xx\driverlib\ccs\</path>
         <kind>archive</kind>
         <file>msp432p4xx_driverlib.lib</file>
         <name>gpio.o</name>
      </input_file>
      <input_file id="fl-14">
         <path>F:\ti\simplelink_msp432p4_sdk_3_40_01_02\source\ti\devices\msp432p4xx\driverlib\ccs\</path>
         <kind>archive</kind>
         <file>msp432p4xx_driverlib.lib</file>
         <name>interrupt.o</name>
      </input_file>
      <input_file id="fl-15">
         <path>F:\ti\simplelink_msp432p4_sdk_3_40_01_02\source\ti\devices\msp432p4xx\driverlib\ccs\</path>
         <kind>archive</kind>
         <file>msp432p4xx_driverlib.lib</file>
         <name>pcm.o</name>
      </input_file>
      <input_file id="fl-16">
         <path>F:\ti\simplelink_msp432p4_sdk_3_40_01_02\source\ti\devices\msp432p4xx\driverlib\ccs\</path>
         <kind>archive</kind>
         <file>msp432p4xx_driverlib.lib</file>
         <name>rtc_c.o</name>
      </input_file>
      <input_file id="fl-17">
         <path>F:\ti\simplelink_msp432p4_sdk_3_40_01_02\source\ti\devices\msp432p4xx\driverlib\ccs\</path>
         <kind>archive</kind>
         <file>msp432p4xx_driverlib.lib</file>
         <name>sysctl.o</name>
      </input_file>
      <input_file id="fl-18">
         <path>F:\ti\simplelink_msp432p4_sdk_3_40_01_02\source\ti\devices\msp432p4xx\driverlib\ccs\</path>
         <kind>archive</kind>
         <file>msp432p4xx_driverlib.lib</file>
         <name>sysctl_a.o</name>
      </input_file>
      <input_file id="fl-19">
         <path>F:\ti\simplelink_msp432p4_sdk_3_40_01_02\source\ti\devices\msp432p4xx\driverlib\ccs\</path>
         <kind>archive</kind>
         <file>msp432p4xx_driverlib.lib</file>
         <name>timer_a.o</name>
      </input_file>
      <input_file id="fl-1a">
         <path>F:\ti\simplelink_msp432p4_sdk_3_40_01_02\source\ti\devices\msp432p4xx\driverlib\ccs\</path>
         <kind>archive</kind>
         <file>msp432p4xx_driverlib.lib</file>
         <name>uart.o</name>
      </input_file>
      <input_file id="fl-1b">
         <path>F:\ti\simplelink_msp432p4_sdk_3_40_01_02\source\ti\devices\msp432p4xx\driverlib\ccs\</path>
         <kind>archive</kind>
         <file>msp432p4xx_driverlib.lib</file>
         <name>wdt_a.o</name>
      </input_file>
      <input_file id="fl-1c">
         <path>F:\ti\simplelink_msp432p4_sdk_3_40_01_02\source\ti\devices\msp432p4xx\driverlib\ccs\</path>
         <kind>archive</kind>
         <file>msp432p4xx_driverlib.lib</file>
         <name>cpu.o</name>
      </input_file>
      <input_file id="fl-d2">
         <path>C:\ti\ti-cgt-arm_20.2.4.LTS\lib\</path>
         <kind>archive</kind>
         <file>rtsv7M4_T_le_v4SPD16_eabi.lib</file>
         <name>sprintf.c.obj</name>
      </input_file>
      <input_file id="fl-d3">
         <path>C:\ti\ti-cgt-arm_20.2.4.LTS\lib\</path>
         <kind>archive</kind>
         <file>rtsv7M4_T_le_v4SPD16_eabi.lib</file>
         <name>memset_t2.asm.obj</name>
      </input_file>
      <input_file id="fl-d4">
         <path>C:\ti\ti-cgt-arm_20.2.4.LTS\lib\</path>
         <kind>archive</kind>
         <file>rtsv7M4_T_le_v4SPD16_eabi.lib</file>
         <name>fs_tod_t2.asm.obj</name>
      </input_file>
      <input_file id="fl-d5">
         <path>C:\ti\ti-cgt-arm_20.2.4.LTS\lib\</path>
         <kind>archive</kind>
         <file>rtsv7M4_T_le_v4SPD16_eabi.lib</file>
         <name>memcpy_t2.asm.obj</name>
      </input_file>
      <input_file id="fl-d6">
         <path>C:\ti\ti-cgt-arm_20.2.4.LTS\lib\</path>
         <kind>archive</kind>
         <file>rtsv7M4_T_le_v4SPD16_eabi.lib</file>
         <name>copy_zero_init.c.obj</name>
      </input_file>
      <input_file id="fl-d7">
         <path>C:\ti\ti-cgt-arm_20.2.4.LTS\lib\</path>
         <kind>archive</kind>
         <file>rtsv7M4_T_le_v4SPD16_eabi.lib</file>
         <name>copy_decompress_none.c.obj</name>
      </input_file>
      <input_file id="fl-d8">
         <path>C:\ti\ti-cgt-arm_20.2.4.LTS\lib\</path>
         <kind>archive</kind>
         <file>rtsv7M4_T_le_v4SPD16_eabi.lib</file>
         <name>copy_decompress_lzss.c.obj</name>
      </input_file>
      <input_file id="fl-d9">
         <path>C:\ti\ti-cgt-arm_20.2.4.LTS\lib\</path>
         <kind>archive</kind>
         <file>rtsv7M4_T_le_v4SPD16_eabi.lib</file>
         <name>ltoa.c.obj</name>
      </input_file>
      <input_file id="fl-da">
         <path>C:\ti\ti-cgt-arm_20.2.4.LTS\lib\</path>
         <kind>archive</kind>
         <file>rtsv7M4_T_le_v4SPD16_eabi.lib</file>
         <name>strcpy.c.obj</name>
      </input_file>
      <input_file id="fl-db">
         <path>C:\ti\ti-cgt-arm_20.2.4.LTS\lib\</path>
         <kind>archive</kind>
         <file>rtsv7M4_T_le_v4SPD16_eabi.lib</file>
         <name>strstr.c.obj</name>
      </input_file>
      <input_file id="fl-dc">
         <path>C:\ti\ti-cgt-arm_20.2.4.LTS\lib\</path>
         <kind>archive</kind>
         <file>rtsv7M4_T_le_v4SPD16_eabi.lib</file>
         <name>boot_cortex_m.c.obj</name>
      </input_file>
      <input_file id="fl-dd">
         <path>C:\ti\ti-cgt-arm_20.2.4.LTS\lib\</path>
         <kind>archive</kind>
         <file>rtsv7M4_T_le_v4SPD16_eabi.lib</file>
         <name>_printfi.c.obj</name>
      </input_file>
      <input_file id="fl-de">
         <path>C:\ti\ti-cgt-arm_20.2.4.LTS\lib\</path>
         <kind>archive</kind>
         <file>rtsv7M4_T_le_v4SPD16_eabi.lib</file>
         <name>s_frexp.c.obj</name>
      </input_file>
      <input_file id="fl-df">
         <path>C:\ti\ti-cgt-arm_20.2.4.LTS\lib\</path>
         <kind>archive</kind>
         <file>rtsv7M4_T_le_v4SPD16_eabi.lib</file>
         <name>s_scalbn.c.obj</name>
      </input_file>
      <input_file id="fl-e0">
         <path>C:\ti\ti-cgt-arm_20.2.4.LTS\lib\</path>
         <kind>archive</kind>
         <file>rtsv7M4_T_le_v4SPD16_eabi.lib</file>
         <name>s_copysign.c.obj</name>
      </input_file>
      <input_file id="fl-e1">
         <path>C:\ti\ti-cgt-arm_20.2.4.LTS\lib\</path>
         <kind>archive</kind>
         <file>rtsv7M4_T_le_v4SPD16_eabi.lib</file>
         <name>ull_div_t2.asm.obj</name>
      </input_file>
      <input_file id="fl-e2">
         <path>C:\ti\ti-cgt-arm_20.2.4.LTS\lib\</path>
         <kind>archive</kind>
         <file>rtsv7M4_T_le_v4SPD16_eabi.lib</file>
         <name>fd_add_t2.asm.obj</name>
      </input_file>
      <input_file id="fl-e3">
         <path>C:\ti\ti-cgt-arm_20.2.4.LTS\lib\</path>
         <kind>archive</kind>
         <file>rtsv7M4_T_le_v4SPD16_eabi.lib</file>
         <name>fd_cmp_t2.asm.obj</name>
      </input_file>
      <input_file id="fl-e4">
         <path>C:\ti\ti-cgt-arm_20.2.4.LTS\lib\</path>
         <kind>archive</kind>
         <file>rtsv7M4_T_le_v4SPD16_eabi.lib</file>
         <name>fd_div_t2.asm.obj</name>
      </input_file>
      <input_file id="fl-e5">
         <path>C:\ti\ti-cgt-arm_20.2.4.LTS\lib\</path>
         <kind>archive</kind>
         <file>rtsv7M4_T_le_v4SPD16_eabi.lib</file>
         <name>fd_mul_t2.asm.obj</name>
      </input_file>
      <input_file id="fl-e6">
         <path>C:\ti\ti-cgt-arm_20.2.4.LTS\lib\</path>
         <kind>archive</kind>
         <file>rtsv7M4_T_le_v4SPD16_eabi.lib</file>
         <name>fd_toi_t2.asm.obj</name>
      </input_file>
      <input_file id="fl-e7">
         <path>C:\ti\ti-cgt-arm_20.2.4.LTS\lib\</path>
         <kind>archive</kind>
         <file>rtsv7M4_T_le_v4SPD16_eabi.lib</file>
         <name>i_tofd_t2.asm.obj</name>
      </input_file>
      <input_file id="fl-e8">
         <path>C:\ti\ti-cgt-arm_20.2.4.LTS\lib\</path>
         <kind>archive</kind>
         <file>rtsv7M4_T_le_v4SPD16_eabi.lib</file>
         <name>autoinit.c.obj</name>
      </input_file>
      <input_file id="fl-e9">
         <path>C:\ti\ti-cgt-arm_20.2.4.LTS\lib\</path>
         <kind>archive</kind>
         <file>rtsv7M4_T_le_v4SPD16_eabi.lib</file>
         <name>pre_init.c.obj</name>
      </input_file>
      <input_file id="fl-ea">
         <path>C:\ti\ti-cgt-arm_20.2.4.LTS\lib\</path>
         <kind>archive</kind>
         <file>rtsv7M4_T_le_v4SPD16_eabi.lib</file>
         <name>cpy_tbl.c.obj</name>
      </input_file>
      <input_file id="fl-eb">
         <path>C:\ti\ti-cgt-arm_20.2.4.LTS\lib\</path>
         <kind>archive</kind>
         <file>rtsv7M4_T_le_v4SPD16_eabi.lib</file>
         <name>exit.c.obj</name>
      </input_file>
      <input_file id="fl-ec">
         <path>C:\ti\ti-cgt-arm_20.2.4.LTS\lib\</path>
         <kind>archive</kind>
         <file>rtsv7M4_T_le_v4SPD16_eabi.lib</file>
         <name>_lock.c.obj</name>
      </input_file>
      <input_file id="fl-ed">
         <path>C:\ti\ti-cgt-arm_20.2.4.LTS\lib\</path>
         <kind>archive</kind>
         <file>rtsv7M4_T_le_v4SPD16_eabi.lib</file>
         <name>_ltoa.c.obj</name>
      </input_file>
      <input_file id="fl-ee">
         <path>C:\ti\ti-cgt-arm_20.2.4.LTS\lib\</path>
         <kind>archive</kind>
         <file>rtsv7M4_T_le_v4SPD16_eabi.lib</file>
         <name>args_main.c.obj</name>
      </input_file>
      <input_file id="fl-ef">
         <path>C:\ti\ti-cgt-arm_20.2.4.LTS\lib\</path>
         <kind>archive</kind>
         <file>rtsv7M4_T_le_v4SPD16_eabi.lib</file>
         <name>atoi.c.obj</name>
      </input_file>
      <input_file id="fl-f0">
         <path>C:\ti\ti-cgt-arm_20.2.4.LTS\lib\</path>
         <kind>archive</kind>
         <file>rtsv7M4_T_le_v4SPD16_eabi.lib</file>
         <name>ctype.c.obj</name>
      </input_file>
      <input_file id="fl-f1">
         <path>C:\ti\ti-cgt-arm_20.2.4.LTS\lib\</path>
         <kind>archive</kind>
         <file>rtsv7M4_T_le_v4SPD16_eabi.lib</file>
         <name>memccpy.c.obj</name>
      </input_file>
      <input_file id="fl-f2">
         <path>C:\ti\ti-cgt-arm_20.2.4.LTS\lib\</path>
         <kind>archive</kind>
         <file>rtsv7M4_T_le_v4SPD16_eabi.lib</file>
         <name>strchr.c.obj</name>
      </input_file>
      <input_file id="fl-f3">
         <path>C:\ti\ti-cgt-arm_20.2.4.LTS\lib\</path>
         <kind>archive</kind>
         <file>rtsv7M4_T_le_v4SPD16_eabi.lib</file>
         <name>strlen.c.obj</name>
      </input_file>
      <input_file id="fl-f4">
         <path>C:\ti\ti-cgt-arm_20.2.4.LTS\lib\</path>
         <kind>archive</kind>
         <file>rtsv7M4_T_le_v4SPD16_eabi.lib</file>
         <name>errno.c.obj</name>
      </input_file>
      <input_file id="fl-f5">
         <path>C:\ti\ti-cgt-arm_20.2.4.LTS\lib\</path>
         <kind>archive</kind>
         <file>rtsv7M4_T_le_v4SPD16_eabi.lib</file>
         <name>wcslen.c.obj</name>
      </input_file>
      <input_file id="fl-f6">
         <path>C:\ti\ti-cgt-arm_20.2.4.LTS\lib\</path>
         <kind>archive</kind>
         <file>rtsv7M4_T_le_v4SPD16_eabi.lib</file>
         <name>div0.asm.obj</name>
      </input_file>
   </input_file_list>
   <object_component_list>
      <object_component id="oc-26">
         <name>.intvecs:retain</name>
         <load_address>0x0</load_address>
         <run_address>0x0</run_address>
         <size>0xe4</size>
         <input_file_ref idref="fl-6"/>
      </object_component>
      <object_component id="oc-2ce">
         <name>.text:__TI_printfi</name>
         <load_address>0xe4</load_address>
         <run_address>0xe4</run_address>
         <size>0xa4e</size>
         <input_file_ref idref="fl-dd"/>
      </object_component>
      <object_component id="oc-6d">
         <name>.text:Default_Handler</name>
         <load_address>0xb32</load_address>
         <run_address>0xb32</run_address>
         <size>0x2</size>
         <input_file_ref idref="fl-6"/>
      </object_component>
      <object_component id="oc-b7">
         <name>.text:main</name>
         <load_address>0xb34</load_address>
         <run_address>0xb34</run_address>
         <size>0x6a0</size>
         <input_file_ref idref="fl-4"/>
      </object_component>
      <object_component id="oc-3ba">
         <name>.text:_pconv_a</name>
         <load_address>0x11d4</load_address>
         <run_address>0x11d4</run_address>
         <size>0x270</size>
         <input_file_ref idref="fl-dd"/>
      </object_component>
      <object_component id="oc-3a8">
         <name>.text:_pconv_g</name>
         <load_address>0x1444</load_address>
         <run_address>0x1444</run_address>
         <size>0x1d0</size>
         <input_file_ref idref="fl-dd"/>
      </object_component>
      <object_component id="oc-46b">
         <name>.text</name>
         <load_address>0x1614</load_address>
         <run_address>0x1614</run_address>
         <size>0x1b6</size>
         <input_file_ref idref="fl-e2"/>
      </object_component>
      <object_component id="oc-4f1">
         <name>.text</name>
         <load_address>0x17ca</load_address>
         <run_address>0x17ca</run_address>
         <size>0x2</size>
         <input_file_ref idref="fl-f6"/>
      </object_component>
      <object_component id="oc-41f">
         <name>.text:__PCM_setPowerModeAdvanced</name>
         <load_address>0x17cc</load_address>
         <run_address>0x17cc</run_address>
         <size>0x15c</size>
         <input_file_ref idref="fl-15"/>
      </object_component>
      <object_component id="oc-f7">
         <name>.text:UART_Printf</name>
         <load_address>0x1928</load_address>
         <run_address>0x1928</run_address>
         <size>0x158</size>
         <input_file_ref idref="fl-3"/>
      </object_component>
      <object_component id="oc-27f">
         <name>.text:privateTimer_AProcessClockSourceDivider</name>
         <load_address>0x1a80</load_address>
         <run_address>0x1a80</run_address>
         <size>0x144</size>
         <input_file_ref idref="fl-19"/>
      </object_component>
      <object_component id="oc-309">
         <name>.text:UART_Read</name>
         <load_address>0x1bc4</load_address>
         <run_address>0x1bc4</run_address>
         <size>0x140</size>
         <input_file_ref idref="fl-3"/>
      </object_component>
      <object_component id="oc-3b4">
         <name>.text:_pconv_e</name>
         <load_address>0x1d04</load_address>
         <run_address>0x1d04</run_address>
         <size>0x13c</size>
         <input_file_ref idref="fl-dd"/>
      </object_component>
      <object_component id="oc-451">
         <name>.text</name>
         <load_address>0x1e40</load_address>
         <run_address>0x1e40</run_address>
         <size>0x136</size>
         <input_file_ref idref="fl-e4"/>
      </object_component>
      <object_component id="oc-47d">
         <name>.text:fcvt</name>
         <load_address>0x1f78</load_address>
         <run_address>0x1f78</run_address>
         <size>0x124</size>
         <input_file_ref idref="fl-dd"/>
      </object_component>
      <object_component id="oc-142">
         <name>.text:UART_initModule</name>
         <load_address>0x209c</load_address>
         <run_address>0x209c</run_address>
         <size>0x11c</size>
         <input_file_ref idref="fl-1a"/>
      </object_component>
      <object_component id="oc-491">
         <name>.text:scalbn</name>
         <load_address>0x21b8</load_address>
         <run_address>0x21b8</run_address>
         <size>0x110</size>
         <input_file_ref idref="fl-df"/>
      </object_component>
      <object_component id="oc-297">
         <name>.text:__PCM_setCoreVoltageLevelAdvanced</name>
         <load_address>0x22c8</load_address>
         <run_address>0x22c8</run_address>
         <size>0x108</size>
         <input_file_ref idref="fl-15"/>
      </object_component>
      <object_component id="oc-385">
         <name>.text:_CSComputeCLKFrequency</name>
         <load_address>0x23d0</load_address>
         <run_address>0x23d0</run_address>
         <size>0x104</size>
         <input_file_ref idref="fl-11"/>
      </object_component>
      <object_component id="oc-44c">
         <name>.text</name>
         <load_address>0x24d4</load_address>
         <run_address>0x24d4</run_address>
         <size>0xfc</size>
         <input_file_ref idref="fl-e5"/>
      </object_component>
      <object_component id="oc-434">
         <name>.text:CS_getDCOFrequency</name>
         <load_address>0x25d0</load_address>
         <run_address>0x25d0</run_address>
         <size>0xf8</size>
         <input_file_ref idref="fl-11"/>
      </object_component>
      <object_component id="oc-196">
         <name>.text:ESP8266_EstablishConnection</name>
         <load_address>0x26c8</load_address>
         <run_address>0x26c8</run_address>
         <size>0xcc</size>
         <input_file_ref idref="fl-2"/>
      </object_component>
      <object_component id="oc-39d">
         <name>.text:_ltostr</name>
         <load_address>0x2794</load_address>
         <run_address>0x2794</run_address>
         <size>0xb1</size>
         <input_file_ref idref="fl-dd"/>
      </object_component>
      <object_component id="oc-8b">
         <name>.text:PORT3_IRQHandler</name>
         <load_address>0x2848</load_address>
         <run_address>0x2848</run_address>
         <size>0xa0</size>
         <input_file_ref idref="fl-4"/>
      </object_component>
      <object_component id="oc-79">
         <name>.text:EUSCIA0_IRQHandler</name>
         <load_address>0x28e8</load_address>
         <run_address>0x28e8</run_address>
         <size>0x9c</size>
         <input_file_ref idref="fl-3"/>
      </object_component>
      <object_component id="oc-37">
         <name>.text</name>
         <load_address>0x2984</load_address>
         <run_address>0x2984</run_address>
         <size>0x9c</size>
         <input_file_ref idref="fl-d5"/>
      </object_component>
      <object_component id="oc-1a2">
         <name>.text:ESP8266_SendData</name>
         <load_address>0x2a20</load_address>
         <run_address>0x2a20</run_address>
         <size>0x98</size>
         <input_file_ref idref="fl-2"/>
      </object_component>
      <object_component id="oc-445">
         <name>.text</name>
         <load_address>0x2ab8</load_address>
         <run_address>0x2ab8</run_address>
         <size>0x96</size>
         <input_file_ref idref="fl-e1"/>
      </object_component>
      <object_component id="oc-4db">
         <name>.text:SysCtl_A_getTLVInfo</name>
         <load_address>0x2b50</load_address>
         <run_address>0x2b50</run_address>
         <size>0x94</size>
         <input_file_ref idref="fl-18"/>
      </object_component>
      <object_component id="oc-1b3">
         <name>.text:ESP8266_WaitForAnswer</name>
         <load_address>0x2be4</load_address>
         <run_address>0x2be4</run_address>
         <size>0x8c</size>
         <input_file_ref idref="fl-2"/>
      </object_component>
      <object_component id="oc-7f">
         <name>.text:EUSCIA2_IRQHandler</name>
         <load_address>0x2c70</load_address>
         <run_address>0x2c70</run_address>
         <size>0x8c</size>
         <input_file_ref idref="fl-3"/>
      </object_component>
      <object_component id="oc-16c">
         <name>.text:GPIO_setAsPeripheralModuleFunctionOutputPin</name>
         <load_address>0x2cfc</load_address>
         <run_address>0x2cfc</run_address>
         <size>0x88</size>
         <input_file_ref idref="fl-13"/>
      </object_component>
      <object_component id="oc-1a8">
         <name>.text:getHCSR04Distance</name>
         <load_address>0x2d84</load_address>
         <run_address>0x2d84</run_address>
         <size>0x88</size>
         <input_file_ref idref="fl-4"/>
      </object_component>
      <object_component id="oc-3a3">
         <name>.text:__aeabi_cdcmple</name>
         <load_address>0x2e0c</load_address>
         <run_address>0x2e0c</run_address>
         <size>0x86</size>
         <input_file_ref idref="fl-e3"/>
      </object_component>
      <object_component id="oc-456">
         <name>.text:__aeabi_cdrcmple</name>
         <load_address>0x2e92</load_address>
         <run_address>0x2e92</run_address>
         <size>0x86</size>
         <input_file_ref idref="fl-e3"/>
      </object_component>
      <object_component id="oc-110">
         <name>.text:GPIO_getEnabledInterruptStatus</name>
         <load_address>0x2f18</load_address>
         <run_address>0x2f18</run_address>
         <size>0x84</size>
         <input_file_ref idref="fl-13"/>
      </object_component>
      <object_component id="oc-154">
         <name>.text:Interrupt_enableInterrupt</name>
         <load_address>0x2f9c</load_address>
         <run_address>0x2f9c</run_address>
         <size>0x80</size>
         <input_file_ref idref="fl-14"/>
      </object_component>
      <object_component id="oc-4e1">
         <name>.text:_CSGetDOCFrequency</name>
         <load_address>0x301c</load_address>
         <run_address>0x301c</run_address>
         <size>0x7c</size>
         <input_file_ref idref="fl-11"/>
      </object_component>
      <object_component id="oc-ab">
         <name>.text</name>
         <load_address>0x3098</load_address>
         <run_address>0x3098</run_address>
         <size>0x7a</size>
         <input_file_ref idref="fl-d3"/>
      </object_component>
      <object_component id="oc-18a">
         <name>.text:ESP8266_ConnectToAP</name>
         <load_address>0x3114</load_address>
         <run_address>0x3114</run_address>
         <size>0x78</size>
         <input_file_ref idref="fl-2"/>
      </object_component>
      <object_component id="oc-c9">
         <name>.text:SystemInit</name>
         <load_address>0x318c</load_address>
         <run_address>0x318c</run_address>
         <size>0x78</size>
         <input_file_ref idref="fl-5"/>
      </object_component>
      <object_component id="oc-fd">
         <name>.text:Timer_A_generatePWM</name>
         <load_address>0x3204</load_address>
         <run_address>0x3204</run_address>
         <size>0x74</size>
         <input_file_ref idref="fl-19"/>
      </object_component>
      <object_component id="oc-85">
         <name>.text:PORT1_IRQHandler</name>
         <load_address>0x3278</load_address>
         <run_address>0x3278</run_address>
         <size>0x70</size>
         <input_file_ref idref="fl-4"/>
      </object_component>
      <object_component id="oc-476">
         <name>.text:_mcpy</name>
         <load_address>0x32e8</load_address>
         <run_address>0x32e8</run_address>
         <size>0x6e</size>
         <input_file_ref idref="fl-dd"/>
      </object_component>
      <object_component id="oc-2e2">
         <name>.text:ltoa</name>
         <load_address>0x3358</load_address>
         <run_address>0x3358</run_address>
         <size>0x6e</size>
         <input_file_ref idref="fl-d9"/>
      </object_component>
      <object_component id="oc-1e3">
         <name>.text:addSpeed</name>
         <load_address>0x33c8</load_address>
         <run_address>0x33c8</run_address>
         <size>0x6c</size>
         <input_file_ref idref="fl-4"/>
      </object_component>
      <object_component id="oc-2b7">
         <name>.text:Timer_A_configureUpMode</name>
         <load_address>0x3434</load_address>
         <run_address>0x3434</run_address>
         <size>0x68</size>
         <input_file_ref idref="fl-19"/>
      </object_component>
      <object_component id="oc-17">
         <name>.text:decompress:lzss:__TI_decompress_lzss</name>
         <load_address>0x349c</load_address>
         <run_address>0x349c</run_address>
         <size>0x68</size>
         <input_file_ref idref="fl-d8"/>
      </object_component>
      <object_component id="oc-db">
         <name>.text:UART_getEnabledInterruptStatus</name>
         <load_address>0x3504</load_address>
         <run_address>0x3504</run_address>
         <size>0x64</size>
         <input_file_ref idref="fl-1a"/>
      </object_component>
      <object_component id="oc-48b">
         <name>.text:frexp</name>
         <load_address>0x3568</load_address>
         <run_address>0x3568</run_address>
         <size>0x64</size>
         <input_file_ref idref="fl-de"/>
      </object_component>
      <object_component id="oc-428">
         <name>.text:_CSGetDividerValue</name>
         <load_address>0x35cc</load_address>
         <run_address>0x35cc</run_address>
         <size>0x62</size>
         <input_file_ref idref="fl-11"/>
      </object_component>
      <object_component id="oc-368">
         <name>.text:PCM_getCoreVoltageLevel</name>
         <load_address>0x362e</load_address>
         <run_address>0x362e</run_address>
         <size>0x5e</size>
         <input_file_ref idref="fl-15"/>
      </object_component>
      <object_component id="oc-1c5">
         <name>.text:moveBack</name>
         <load_address>0x368c</load_address>
         <run_address>0x368c</run_address>
         <size>0x5c</size>
         <input_file_ref idref="fl-4"/>
      </object_component>
      <object_component id="oc-1bf">
         <name>.text:moveForward</name>
         <load_address>0x36e8</load_address>
         <run_address>0x36e8</run_address>
         <size>0x5c</size>
         <input_file_ref idref="fl-4"/>
      </object_component>
      <object_component id="oc-362">
         <name>.text:PCM_getPowerMode</name>
         <load_address>0x3744</load_address>
         <run_address>0x3744</run_address>
         <size>0x5a</size>
         <input_file_ref idref="fl-15"/>
      </object_component>
      <object_component id="oc-2b1">
         <name>.text:GPIO_setAsInputPinWithPullDownResistor</name>
         <load_address>0x37a0</load_address>
         <run_address>0x37a0</run_address>
         <size>0x58</size>
         <input_file_ref idref="fl-13"/>
      </object_component>
      <object_component id="oc-148">
         <name>.text:GPIO_setAsInputPinWithPullUpResistor</name>
         <load_address>0x37f8</load_address>
         <run_address>0x37f8</run_address>
         <size>0x58</size>
         <input_file_ref idref="fl-13"/>
      </object_component>
      <object_component id="oc-1e9">
         <name>.text:reduceSpeed</name>
         <load_address>0x3850</load_address>
         <run_address>0x3850</run_address>
         <size>0x58</size>
         <input_file_ref idref="fl-4"/>
      </object_component>
      <object_component id="oc-1ef">
         <name>.text:sendData</name>
         <load_address>0x38a8</load_address>
         <run_address>0x38a8</run_address>
         <size>0x58</size>
         <input_file_ref idref="fl-4"/>
      </object_component>
      <object_component id="oc-3ae">
         <name>.text:_pconv_f</name>
         <load_address>0x3900</load_address>
         <run_address>0x3900</run_address>
         <size>0x56</size>
         <input_file_ref idref="fl-dd"/>
      </object_component>
      <object_component id="oc-172">
         <name>.text:Initalise_HCSR04</name>
         <load_address>0x3958</load_address>
         <run_address>0x3958</run_address>
         <size>0x54</size>
         <input_file_ref idref="fl-4"/>
      </object_component>
      <object_component id="oc-460">
         <name>.text:__TI_ltoa</name>
         <load_address>0x39ac</load_address>
         <run_address>0x39ac</run_address>
         <size>0x54</size>
         <input_file_ref idref="fl-ed"/>
      </object_component>
      <object_component id="oc-470">
         <name>.text:_ecpy</name>
         <load_address>0x3a00</load_address>
         <run_address>0x3a00</run_address>
         <size>0x52</size>
         <input_file_ref idref="fl-dd"/>
      </object_component>
      <object_component id="oc-17e">
         <name>.text:ESP8266_AvailableAPs</name>
         <load_address>0x3a54</load_address>
         <run_address>0x3a54</run_address>
         <size>0x50</size>
         <input_file_ref idref="fl-2"/>
      </object_component>
      <object_component id="oc-178">
         <name>.text:ESP8266_SETAP3</name>
         <load_address>0x3aa4</load_address>
         <run_address>0x3aa4</run_address>
         <size>0x50</size>
         <input_file_ref idref="fl-4"/>
      </object_component>
      <object_component id="oc-3ee">
         <name>.text:Timer_A_getCounterValue</name>
         <load_address>0x3af4</load_address>
         <run_address>0x3af4</run_address>
         <size>0x4c</size>
         <input_file_ref idref="fl-19"/>
      </object_component>
      <object_component id="oc-397">
         <name>.text:atoi</name>
         <load_address>0x3b40</load_address>
         <run_address>0x3b40</run_address>
         <size>0x4c</size>
         <input_file_ref idref="fl-ef"/>
      </object_component>
      <object_component id="oc-190">
         <name>.text:ESP8266_GETIP</name>
         <load_address>0x3b8c</load_address>
         <run_address>0x3b8c</run_address>
         <size>0x48</size>
         <input_file_ref idref="fl-4"/>
      </object_component>
      <object_component id="oc-130">
         <name>.text:FlashCtl_setWaitState</name>
         <load_address>0x3bd4</load_address>
         <run_address>0x3bd4</run_address>
         <size>0x48</size>
         <input_file_ref idref="fl-12"/>
      </object_component>
      <object_component id="oc-45b">
         <name>.text</name>
         <load_address>0x3c1c</load_address>
         <run_address>0x3c1c</run_address>
         <size>0x48</size>
         <input_file_ref idref="fl-e6"/>
      </object_component>
      <object_component id="oc-205">
         <name>.text:__TI_auto_init_nobinit_nopinit:__TI_auto_init_nobinit_nopinit</name>
         <load_address>0x3c64</load_address>
         <run_address>0x3c64</run_address>
         <size>0x44</size>
         <input_file_ref idref="fl-e8"/>
      </object_component>
      <object_component id="oc-15a">
         <name>.text:GPIO_setAsOutputPin</name>
         <load_address>0x3ca8</load_address>
         <run_address>0x3ca8</run_address>
         <size>0x40</size>
         <input_file_ref idref="fl-13"/>
      </object_component>
      <object_component id="oc-273">
         <name>.text:UART_Write</name>
         <load_address>0x3ce8</load_address>
         <run_address>0x3ce8</run_address>
         <size>0x40</size>
         <input_file_ref idref="fl-3"/>
      </object_component>
      <object_component id="oc-19c">
         <name>.text:sprintf</name>
         <load_address>0x3d28</load_address>
         <run_address>0x3d28</run_address>
         <size>0x40</size>
         <input_file_ref idref="fl-d2"/>
      </object_component>
      <object_component id="oc-483">
         <name>.text:_fcpy</name>
         <load_address>0x3d68</load_address>
         <run_address>0x3d68</run_address>
         <size>0x3e</size>
         <input_file_ref idref="fl-dd"/>
      </object_component>
      <object_component id="oc-1cb">
         <name>.text:moveLeft</name>
         <load_address>0x3da8</load_address>
         <run_address>0x3da8</run_address>
         <size>0x3c</size>
         <input_file_ref idref="fl-4"/>
      </object_component>
      <object_component id="oc-1d4">
         <name>.text:moveRight</name>
         <load_address>0x3de4</load_address>
         <run_address>0x3de4</run_address>
         <size>0x3c</size>
         <input_file_ref idref="fl-4"/>
      </object_component>
      <object_component id="oc-301">
         <name>.text:getHCSR04Time</name>
         <load_address>0x3e20</load_address>
         <run_address>0x3e20</run_address>
         <size>0x38</size>
         <input_file_ref idref="fl-4"/>
      </object_component>
      <object_component id="oc-1ae">
         <name>.text</name>
         <load_address>0x3e58</load_address>
         <run_address>0x3e58</run_address>
         <size>0x38</size>
         <input_file_ref idref="fl-d4"/>
      </object_component>
      <object_component id="oc-13c">
         <name>.text:CS_setDCOCenteredFrequency</name>
         <load_address>0x3e90</load_address>
         <run_address>0x3e90</run_address>
         <size>0x34</size>
         <input_file_ref idref="fl-11"/>
      </object_component>
      <object_component id="oc-55">
         <name>.text:_c_int00_noargs:_c_int00_noargs</name>
         <load_address>0x3ec4</load_address>
         <run_address>0x3ec4</run_address>
         <size>0x34</size>
         <input_file_ref idref="fl-dc"/>
      </object_component>
      <object_component id="oc-1dd">
         <name>.text:moveStop</name>
         <load_address>0x3ef8</load_address>
         <run_address>0x3ef8</run_address>
         <size>0x34</size>
         <input_file_ref idref="fl-4"/>
      </object_component>
      <object_component id="oc-1b9">
         <name>.text:strstr</name>
         <load_address>0x3f2c</load_address>
         <run_address>0x3f2c</run_address>
         <size>0x34</size>
         <input_file_ref idref="fl-db"/>
      </object_component>
      <object_component id="oc-42e">
         <name>.text:CS_clearInterruptFlag</name>
         <load_address>0x3f60</load_address>
         <run_address>0x3f60</run_address>
         <size>0x30</size>
         <input_file_ref idref="fl-11"/>
      </object_component>
      <object_component id="oc-2ef">
         <name>.text:GPIO_getInputPinValue</name>
         <load_address>0x3f90</load_address>
         <run_address>0x3f90</run_address>
         <size>0x30</size>
         <input_file_ref idref="fl-13"/>
      </object_component>
      <object_component id="oc-466">
         <name>.text</name>
         <load_address>0x3fc0</load_address>
         <run_address>0x3fc0</run_address>
         <size>0x2e</size>
         <input_file_ref idref="fl-e7"/>
      </object_component>
      <object_component id="oc-d1">
         <name>.text:Timer_A_clearCaptureCompareInterrupt</name>
         <load_address>0x3ff0</load_address>
         <run_address>0x3ff0</run_address>
         <size>0x2c</size>
         <input_file_ref idref="fl-19"/>
      </object_component>
      <object_component id="oc-2ab">
         <name>.text:CS_getSMCLK</name>
         <load_address>0x401c</load_address>
         <run_address>0x401c</run_address>
         <size>0x28</size>
         <input_file_ref idref="fl-11"/>
      </object_component>
      <object_component id="oc-103">
         <name>.text:GPIO_clearInterruptFlag</name>
         <load_address>0x4044</load_address>
         <run_address>0x4044</run_address>
         <size>0x28</size>
         <input_file_ref idref="fl-13"/>
      </object_component>
      <object_component id="oc-14e">
         <name>.text:GPIO_enableInterrupt</name>
         <load_address>0x406c</load_address>
         <run_address>0x406c</run_address>
         <size>0x28</size>
         <input_file_ref idref="fl-13"/>
      </object_component>
      <object_component id="oc-160">
         <name>.text:GPIO_setOutputHighOnPin</name>
         <load_address>0x4094</load_address>
         <run_address>0x4094</run_address>
         <size>0x28</size>
         <input_file_ref idref="fl-13"/>
      </object_component>
      <object_component id="oc-166">
         <name>.text:GPIO_setOutputLowOnPin</name>
         <load_address>0x40bc</load_address>
         <run_address>0x40bc</run_address>
         <size>0x28</size>
         <input_file_ref idref="fl-13"/>
      </object_component>
      <object_component id="oc-2e9">
         <name>.text:Delay</name>
         <load_address>0x40e4</load_address>
         <run_address>0x40e4</run_address>
         <size>0x24</size>
         <input_file_ref idref="fl-4"/>
      </object_component>
      <object_component id="oc-28f">
         <name>.text:GPIO_getInterruptStatus</name>
         <load_address>0x4108</load_address>
         <run_address>0x4108</run_address>
         <size>0x24</size>
         <input_file_ref idref="fl-13"/>
      </object_component>
      <object_component id="oc-73">
         <name>.text:TA0_0_IRQHandler</name>
         <load_address>0x412c</load_address>
         <run_address>0x412c</run_address>
         <size>0x1c</size>
         <input_file_ref idref="fl-4"/>
      </object_component>
      <object_component id="oc-3c0">
         <name>.text:memccpy</name>
         <load_address>0x4148</load_address>
         <run_address>0x4148</run_address>
         <size>0x1c</size>
         <input_file_ref idref="fl-f1"/>
      </object_component>
      <object_component id="oc-50a">
         <name>.text:copysign</name>
         <load_address>0x4164</load_address>
         <run_address>0x4164</run_address>
         <size>0x1a</size>
         <input_file_ref idref="fl-e0"/>
      </object_component>
      <object_component id="oc-2bd">
         <name>.text:Timer_A_clearTimer</name>
         <load_address>0x4180</load_address>
         <run_address>0x4180</run_address>
         <size>0x18</size>
         <input_file_ref idref="fl-19"/>
      </object_component>
      <object_component id="oc-25e">
         <name>.text:UART_getInterruptStatus</name>
         <load_address>0x4198</load_address>
         <run_address>0x4198</run_address>
         <size>0x18</size>
         <input_file_ref idref="fl-1a"/>
      </object_component>
      <object_component id="oc-2d4">
         <name>.text:_outs</name>
         <load_address>0x41b0</load_address>
         <run_address>0x41b0</run_address>
         <size>0x18</size>
         <input_file_ref idref="fl-d2"/>
      </object_component>
      <object_component id="oc-2f5">
         <name>.text:Timer_A_startCounter</name>
         <load_address>0x41c8</load_address>
         <run_address>0x41c8</run_address>
         <size>0x16</size>
         <input_file_ref idref="fl-19"/>
      </object_component>
      <object_component id="oc-497">
         <name>.text:strchr</name>
         <load_address>0x41de</load_address>
         <run_address>0x41de</run_address>
         <size>0x16</size>
         <input_file_ref idref="fl-f2"/>
      </object_component>
      <object_component id="oc-36e">
         <name>.text:PCM_getPowerState</name>
         <load_address>0x41f4</load_address>
         <run_address>0x41f4</run_address>
         <size>0x14</size>
         <input_file_ref idref="fl-15"/>
      </object_component>
      <object_component id="oc-2fb">
         <name>.text:Timer_A_stopTimer</name>
         <load_address>0x4208</load_address>
         <run_address>0x4208</run_address>
         <size>0x14</size>
         <input_file_ref idref="fl-19"/>
      </object_component>
      <object_component id="oc-3e2">
         <name>.text:strcpy</name>
         <load_address>0x421c</load_address>
         <run_address>0x421c</run_address>
         <size>0x14</size>
         <input_file_ref idref="fl-da"/>
      </object_component>
      <object_component id="oc-391">
         <name>.text:strlen</name>
         <load_address>0x4230</load_address>
         <run_address>0x4230</run_address>
         <size>0x14</size>
         <input_file_ref idref="fl-f3"/>
      </object_component>
      <object_component id="oc-3c6">
         <name>.text:wcslen</name>
         <load_address>0x4244</load_address>
         <run_address>0x4244</run_address>
         <size>0x12</size>
         <input_file_ref idref="fl-f5"/>
      </object_component>
      <object_component id="oc-136">
         <name>.text:PCM_setCoreVoltageLevel</name>
         <load_address>0x4256</load_address>
         <run_address>0x4256</run_address>
         <size>0x10</size>
         <input_file_ref idref="fl-15"/>
      </object_component>
      <object_component id="oc-374">
         <name>.text:PCM_setPowerMode</name>
         <load_address>0x4266</load_address>
         <run_address>0x4266</run_address>
         <size>0x10</size>
         <input_file_ref idref="fl-15"/>
      </object_component>
      <object_component id="oc-1d">
         <name>.text:decompress:none:__TI_decompress_none</name>
         <load_address>0x4276</load_address>
         <run_address>0x4276</run_address>
         <size>0xe</size>
         <input_file_ref idref="fl-d7"/>
      </object_component>
      <object_component id="oc-67">
         <name>.text:Reset_Handler</name>
         <load_address>0x4284</load_address>
         <run_address>0x4284</run_address>
         <size>0xc</size>
         <input_file_ref idref="fl-6"/>
      </object_component>
      <object_component id="oc-49">
         <name>.text:decompress:ZI:__TI_zero_init</name>
         <load_address>0x4290</load_address>
         <run_address>0x4290</run_address>
         <size>0xc</size>
         <input_file_ref idref="fl-d6"/>
      </object_component>
      <object_component id="oc-2da">
         <name>.text:_outc</name>
         <load_address>0x429c</load_address>
         <run_address>0x429c</run_address>
         <size>0xa</size>
         <input_file_ref idref="fl-d2"/>
      </object_component>
      <object_component id="oc-184">
         <name>.text:ESP8266_GetBuffer</name>
         <load_address>0x42a8</load_address>
         <run_address>0x42a8</run_address>
         <size>0x8</size>
         <input_file_ref idref="fl-2"/>
      </object_component>
      <object_component id="oc-3cc">
         <name>.text:__aeabi_errno_addr</name>
         <load_address>0x42b0</load_address>
         <run_address>0x42b0</run_address>
         <size>0x8</size>
         <input_file_ref idref="fl-f4"/>
      </object_component>
      <object_component id="oc-b1">
         <name>.text:_system_pre_init</name>
         <load_address>0x42b8</load_address>
         <run_address>0x42b8</run_address>
         <size>0x4</size>
         <input_file_ref idref="fl-e9"/>
      </object_component>
      <object_component id="oc-1f9">
         <name>.text:abort:abort</name>
         <load_address>0x42bc</load_address>
         <run_address>0x42bc</run_address>
         <size>0x4</size>
         <input_file_ref idref="fl-eb"/>
      </object_component>
      <object_component id="oc-440">
         <name>.const:.string:_ctypes_</name>
         <load_address>0x42c0</load_address>
         <run_address>0x42c0</run_address>
         <size>0x101</size>
         <input_file_ref idref="fl-f0"/>
      </object_component>
      <object_component id="oc-287">
         <name>.const:GPIO_PORT_TO_BASE</name>
         <load_address>0x43c4</load_address>
         <run_address>0x43c4</run_address>
         <size>0x30</size>
         <input_file_ref idref="fl-13"/>
      </object_component>
      <object_component id="oc-2c3">
         <name>.const:$P$T0$1</name>
         <load_address>0x43f4</load_address>
         <run_address>0x43f4</run_address>
         <size>0x18</size>
         <input_file_ref idref="fl-4"/>
      </object_component>
      <object_component id="oc-2a3">
         <name>.const:g_pulEnRegs</name>
         <load_address>0x440c</load_address>
         <run_address>0x440c</run_address>
         <size>0x8</size>
         <input_file_ref idref="fl-14"/>
      </object_component>
      <object_component id="oc-56f">
         <name>.cinit..data.load</name>
         <load_address>0x4418</load_address>
         <run_address>0x4418</run_address>
         <size>0x32</size>
      </object_component>
      <object_component id="oc-56d">
         <name>__TI_handler_table</name>
         <load_address>0x444c</load_address>
         <run_address>0x444c</run_address>
         <size>0xc</size>
      </object_component>
      <object_component id="oc-570">
         <name>.cinit..bss.load</name>
         <load_address>0x4458</load_address>
         <run_address>0x4458</run_address>
         <size>0x8</size>
      </object_component>
      <object_component id="oc-56e">
         <name>__TI_cinit_table</name>
         <load_address>0x4460</load_address>
         <run_address>0x4460</run_address>
         <size>0x10</size>
      </object_component>
      <object_component id="oc-541">
         <name>.binit</name>
         <load_address>0x0</load_address>
         <run_address>0x0</run_address>
         <size>0x0</size>
      </object_component>
      <object_component id="oc-1f5">
         <name>.data</name>
         <load_address>0x200018a4</load_address>
         <run_address>0x200018a4</run_address>
         <size>0x4</size>
         <input_file_ref idref="fl-4"/>
      </object_component>
      <object_component id="oc-1d1">
         <name>.data:UART0Config</name>
         <load_address>0x20001824</load_address>
         <run_address>0x20001824</run_address>
         <size>0x28</size>
         <input_file_ref idref="fl-4"/>
      </object_component>
      <object_component id="oc-1da">
         <name>.data:UART2Config</name>
         <load_address>0x2000184c</load_address>
         <run_address>0x2000184c</run_address>
         <size>0x28</size>
         <input_file_ref idref="fl-4"/>
      </object_component>
      <object_component id="oc-109">
         <name>.data:pwmConfigLeft</name>
         <load_address>0x20001874</load_address>
         <run_address>0x20001874</run_address>
         <size>0x18</size>
         <input_file_ref idref="fl-4"/>
      </object_component>
      <object_component id="oc-10c">
         <name>.data:pwmConfigRight</name>
         <load_address>0x2000188c</load_address>
         <run_address>0x2000188c</run_address>
         <size>0x18</size>
         <input_file_ref idref="fl-4"/>
      </object_component>
      <object_component id="oc-4a7">
         <name>.data</name>
         <load_address>0x200018a8</load_address>
         <run_address>0x200018a8</run_address>
         <size>0x4</size>
         <input_file_ref idref="fl-f4"/>
      </object_component>
      <object_component id="oc-43a">
         <name>.bss</name>
         <uninitialized>true</uninitialized>
         <run_address>0x20001800</run_address>
         <size>0x8</size>
         <input_file_ref idref="fl-11"/>
      </object_component>
      <object_component id="oc-e7">
         <name>.common:UARTA0Data</name>
         <uninitialized>true</uninitialized>
         <run_address>0x20000800</run_address>
         <size>0x800</size>
      </object_component>
      <object_component id="oc-e6">
         <name>.common:UARTA0ReadIndex</name>
         <uninitialized>true</uninitialized>
         <run_address>0x2000180c</run_address>
         <size>0x4</size>
      </object_component>
      <object_component id="oc-e1">
         <name>.common:UARTA0WriteIndex</name>
         <uninitialized>true</uninitialized>
         <run_address>0x20001810</run_address>
         <size>0x4</size>
      </object_component>
      <object_component id="oc-f5">
         <name>.common:UARTA2Data</name>
         <uninitialized>true</uninitialized>
         <run_address>0x20001000</run_address>
         <size>0x800</size>
      </object_component>
      <object_component id="oc-f4">
         <name>.common:UARTA2ReadIndex</name>
         <uninitialized>true</uninitialized>
         <run_address>0x20001814</run_address>
         <size>0x4</size>
      </object_component>
      <object_component id="oc-f3">
         <name>.common:UARTA2WriteIndex</name>
         <uninitialized>true</uninitialized>
         <run_address>0x20001818</run_address>
         <size>0x4</size>
      </object_component>
      <object_component id="oc-2c8">
         <name>.common:ESP8266_Buffer</name>
         <uninitialized>true</uninitialized>
         <run_address>0x20000000</run_address>
         <size>0x800</size>
      </object_component>
      <object_component id="oc-d7">
         <name>.common:SR04IntTimes</name>
         <uninitialized>true</uninitialized>
         <run_address>0x20001808</run_address>
         <size>0x4</size>
      </object_component>
      <object_component id="oc-116">
         <name>.common:notchesdetectedLeft</name>
         <uninitialized>true</uninitialized>
         <run_address>0x2000181c</run_address>
         <size>0x4</size>
      </object_component>
      <object_component id="oc-117">
         <name>.common:notchesdetectedRight</name>
         <uninitialized>true</uninitialized>
         <run_address>0x20001820</run_address>
         <size>0x4</size>
      </object_component>
      <object_component id="oc-29">
         <name>.stack</name>
         <uninitialized>true</uninitialized>
         <run_address>0x2000fe00</run_address>
         <size>0x4</size>
         <input_file_ref idref="fl-dc"/>
      </object_component>
      <object_component id="oc-572">
         <name>.stack</name>
         <uninitialized>true</uninitialized>
         <run_address>0x2000fe00</run_address>
         <size>0x0</size>
      </object_component>
      <object_component id="oc-e2">
         <name>.debug_info</name>
         <load_address>0x0</load_address>
         <run_address>0x0</run_address>
         <size>0x804</size>
         <input_file_ref idref="fl-2"/>
      </object_component>
      <object_component id="oc-1b4">
         <name>.debug_info</name>
         <load_address>0x804</load_address>
         <run_address>0x804</run_address>
         <size>0x18b</size>
         <input_file_ref idref="fl-2"/>
      </object_component>
      <object_component id="oc-17f">
         <name>.debug_info</name>
         <load_address>0x98f</load_address>
         <run_address>0x98f</run_address>
         <size>0x175</size>
         <input_file_ref idref="fl-2"/>
      </object_component>
      <object_component id="oc-18b">
         <name>.debug_info</name>
         <load_address>0xb04</load_address>
         <run_address>0xb04</run_address>
         <size>0x1c9</size>
         <input_file_ref idref="fl-2"/>
      </object_component>
      <object_component id="oc-197">
         <name>.debug_info</name>
         <load_address>0xccd</load_address>
         <run_address>0xccd</run_address>
         <size>0x22e</size>
         <input_file_ref idref="fl-2"/>
      </object_component>
      <object_component id="oc-1a3">
         <name>.debug_info</name>
         <load_address>0xefb</load_address>
         <run_address>0xefb</run_address>
         <size>0x229</size>
         <input_file_ref idref="fl-2"/>
      </object_component>
      <object_component id="oc-185">
         <name>.debug_info</name>
         <load_address>0x1124</load_address>
         <run_address>0x1124</run_address>
         <size>0x134</size>
         <input_file_ref idref="fl-2"/>
      </object_component>
      <object_component id="oc-11b">
         <name>.debug_info</name>
         <load_address>0x1258</load_address>
         <run_address>0x1258</run_address>
         <size>0x26b</size>
         <input_file_ref idref="fl-2"/>
      </object_component>
      <object_component id="oc-24a">
         <name>.debug_info</name>
         <load_address>0x14c3</load_address>
         <run_address>0x14c3</run_address>
         <size>0x1028</size>
         <input_file_ref idref="fl-2"/>
      </object_component>
      <object_component id="oc-267">
         <name>.debug_info</name>
         <load_address>0x24eb</load_address>
         <run_address>0x24eb</run_address>
         <size>0x37e2</size>
         <input_file_ref idref="fl-2"/>
      </object_component>
      <object_component id="oc-24f">
         <name>.debug_info</name>
         <load_address>0x5ccd</load_address>
         <run_address>0x5ccd</run_address>
         <size>0x341</size>
         <input_file_ref idref="fl-2"/>
      </object_component>
      <object_component id="oc-ee">
         <name>.debug_info</name>
         <load_address>0x600e</load_address>
         <run_address>0x600e</run_address>
         <size>0x8b</size>
         <input_file_ref idref="fl-2"/>
      </object_component>
      <object_component id="oc-26e">
         <name>.debug_info</name>
         <load_address>0x6099</load_address>
         <run_address>0x6099</run_address>
         <size>0x2a4</size>
         <input_file_ref idref="fl-2"/>
      </object_component>
      <object_component id="oc-259">
         <name>.debug_info</name>
         <load_address>0x633d</load_address>
         <run_address>0x633d</run_address>
         <size>0xef</size>
         <input_file_ref idref="fl-2"/>
      </object_component>
      <object_component id="oc-e9">
         <name>.debug_info</name>
         <load_address>0x642c</load_address>
         <run_address>0x642c</run_address>
         <size>0xbb</size>
         <input_file_ref idref="fl-2"/>
      </object_component>
      <object_component id="oc-127">
         <name>.debug_info</name>
         <load_address>0x64e7</load_address>
         <run_address>0x64e7</run_address>
         <size>0x2c</size>
         <input_file_ref idref="fl-2"/>
      </object_component>
      <object_component id="oc-27a">
         <name>.debug_info</name>
         <load_address>0x6513</load_address>
         <run_address>0x6513</run_address>
         <size>0x2c</size>
         <input_file_ref idref="fl-2"/>
      </object_component>
      <object_component id="oc-254">
         <name>.debug_info</name>
         <load_address>0x653f</load_address>
         <run_address>0x653f</run_address>
         <size>0x102</size>
         <input_file_ref idref="fl-2"/>
      </object_component>
      <object_component id="oc-e4">
         <name>.debug_info</name>
         <load_address>0x6641</load_address>
         <run_address>0x6641</run_address>
         <size>0x6ec</size>
         <input_file_ref idref="fl-3"/>
      </object_component>
      <object_component id="oc-274">
         <name>.debug_info</name>
         <load_address>0x6d2d</load_address>
         <run_address>0x6d2d</run_address>
         <size>0x1aa</size>
         <input_file_ref idref="fl-3"/>
      </object_component>
      <object_component id="oc-30a">
         <name>.debug_info</name>
         <load_address>0x6ed7</load_address>
         <run_address>0x6ed7</run_address>
         <size>0x233</size>
         <input_file_ref idref="fl-3"/>
      </object_component>
      <object_component id="oc-f8">
         <name>.debug_info</name>
         <load_address>0x710a</load_address>
         <run_address>0x710a</run_address>
         <size>0x262</size>
         <input_file_ref idref="fl-3"/>
      </object_component>
      <object_component id="oc-7a">
         <name>.debug_info</name>
         <load_address>0x736c</load_address>
         <run_address>0x736c</run_address>
         <size>0x1c0</size>
         <input_file_ref idref="fl-3"/>
      </object_component>
      <object_component id="oc-80">
         <name>.debug_info</name>
         <load_address>0x752c</load_address>
         <run_address>0x752c</run_address>
         <size>0x1ba</size>
         <input_file_ref idref="fl-3"/>
      </object_component>
      <object_component id="oc-d8">
         <name>.debug_info</name>
         <load_address>0x76e6</load_address>
         <run_address>0x76e6</run_address>
         <size>0xfd2</size>
         <input_file_ref idref="fl-4"/>
      </object_component>
      <object_component id="oc-1f6">
         <name>.debug_info</name>
         <load_address>0x86b8</load_address>
         <run_address>0x86b8</run_address>
         <size>0xf3</size>
         <input_file_ref idref="fl-4"/>
      </object_component>
      <object_component id="oc-1d2">
         <name>.debug_info</name>
         <load_address>0x87ab</load_address>
         <run_address>0x87ab</run_address>
         <size>0xf1</size>
         <input_file_ref idref="fl-4"/>
      </object_component>
      <object_component id="oc-1db">
         <name>.debug_info</name>
         <load_address>0x889c</load_address>
         <run_address>0x889c</run_address>
         <size>0xf1</size>
         <input_file_ref idref="fl-4"/>
      </object_component>
      <object_component id="oc-10a">
         <name>.debug_info</name>
         <load_address>0x898d</load_address>
         <run_address>0x898d</run_address>
         <size>0xf5</size>
         <input_file_ref idref="fl-4"/>
      </object_component>
      <object_component id="oc-10d">
         <name>.debug_info</name>
         <load_address>0x8a82</load_address>
         <run_address>0x8a82</run_address>
         <size>0xf7</size>
         <input_file_ref idref="fl-4"/>
      </object_component>
      <object_component id="oc-2c4">
         <name>.debug_info</name>
         <load_address>0x8b79</load_address>
         <run_address>0x8b79</run_address>
         <size>0xe9</size>
         <input_file_ref idref="fl-4"/>
      </object_component>
      <object_component id="oc-b9">
         <name>.debug_info</name>
         <load_address>0x8c62</load_address>
         <run_address>0x8c62</run_address>
         <size>0xc42</size>
         <input_file_ref idref="fl-4"/>
      </object_component>
      <object_component id="oc-75">
         <name>.debug_info</name>
         <load_address>0x98a4</load_address>
         <run_address>0x98a4</run_address>
         <size>0x153</size>
         <input_file_ref idref="fl-4"/>
      </object_component>
      <object_component id="oc-302">
         <name>.debug_info</name>
         <load_address>0x99f7</load_address>
         <run_address>0x99f7</run_address>
         <size>0x184</size>
         <input_file_ref idref="fl-4"/>
      </object_component>
      <object_component id="oc-8d">
         <name>.debug_info</name>
         <load_address>0x9b7b</load_address>
         <run_address>0x9b7b</run_address>
         <size>0x1a5</size>
         <input_file_ref idref="fl-4"/>
      </object_component>
      <object_component id="oc-87">
         <name>.debug_info</name>
         <load_address>0x9d20</load_address>
         <run_address>0x9d20</run_address>
         <size>0x1a9</size>
         <input_file_ref idref="fl-4"/>
      </object_component>
      <object_component id="oc-179">
         <name>.debug_info</name>
         <load_address>0x9ec9</load_address>
         <run_address>0x9ec9</run_address>
         <size>0x17b</size>
         <input_file_ref idref="fl-4"/>
      </object_component>
      <object_component id="oc-192">
         <name>.debug_info</name>
         <load_address>0xa044</load_address>
         <run_address>0xa044</run_address>
         <size>0x17e</size>
         <input_file_ref idref="fl-4"/>
      </object_component>
      <object_component id="oc-174">
         <name>.debug_info</name>
         <load_address>0xa1c2</load_address>
         <run_address>0xa1c2</run_address>
         <size>0x21b</size>
         <input_file_ref idref="fl-4"/>
      </object_component>
      <object_component id="oc-1aa">
         <name>.debug_info</name>
         <load_address>0xa3dd</load_address>
         <run_address>0xa3dd</run_address>
         <size>0x25f</size>
         <input_file_ref idref="fl-4"/>
      </object_component>
      <object_component id="oc-2eb">
         <name>.debug_info</name>
         <load_address>0xa63c</load_address>
         <run_address>0xa63c</run_address>
         <size>0x140</size>
         <input_file_ref idref="fl-4"/>
      </object_component>
      <object_component id="oc-1e5">
         <name>.debug_info</name>
         <load_address>0xa77c</load_address>
         <run_address>0xa77c</run_address>
         <size>0x14c</size>
         <input_file_ref idref="fl-4"/>
      </object_component>
      <object_component id="oc-1ea">
         <name>.debug_info</name>
         <load_address>0xa8c8</load_address>
         <run_address>0xa8c8</run_address>
         <size>0x152</size>
         <input_file_ref idref="fl-4"/>
      </object_component>
      <object_component id="oc-1de">
         <name>.debug_info</name>
         <load_address>0xaa1a</load_address>
         <run_address>0xaa1a</run_address>
         <size>0x14c</size>
         <input_file_ref idref="fl-4"/>
      </object_component>
      <object_component id="oc-1c0">
         <name>.debug_info</name>
         <load_address>0xab66</load_address>
         <run_address>0xab66</run_address>
         <size>0x1c8</size>
         <input_file_ref idref="fl-4"/>
      </object_component>
      <object_component id="oc-1c6">
         <name>.debug_info</name>
         <load_address>0xad2e</load_address>
         <run_address>0xad2e</run_address>
         <size>0x1c2</size>
         <input_file_ref idref="fl-4"/>
      </object_component>
      <object_component id="oc-1cc">
         <name>.debug_info</name>
         <load_address>0xaef0</load_address>
         <run_address>0xaef0</run_address>
         <size>0x14c</size>
         <input_file_ref idref="fl-4"/>
      </object_component>
      <object_component id="oc-1d5">
         <name>.debug_info</name>
         <load_address>0xb03c</load_address>
         <run_address>0xb03c</run_address>
         <size>0x14e</size>
         <input_file_ref idref="fl-4"/>
      </object_component>
      <object_component id="oc-1f0">
         <name>.debug_info</name>
         <load_address>0xb18a</load_address>
         <run_address>0xb18a</run_address>
         <size>0x16c</size>
         <input_file_ref idref="fl-4"/>
      </object_component>
      <object_component id="oc-245">
         <name>.debug_info</name>
         <load_address>0xb2f6</load_address>
         <run_address>0xb2f6</run_address>
         <size>0x37e2</size>
         <input_file_ref idref="fl-4"/>
      </object_component>
      <object_component id="oc-ca">
         <name>.debug_info</name>
         <load_address>0xead8</load_address>
         <run_address>0xead8</run_address>
         <size>0x146</size>
         <input_file_ref idref="fl-5"/>
      </object_component>
      <object_component id="oc-32">
         <name>.debug_info</name>
         <load_address>0xec1e</load_address>
         <run_address>0xec1e</run_address>
         <size>0x84</size>
         <input_file_ref idref="fl-5"/>
      </object_component>
      <object_component id="oc-93">
         <name>.debug_info</name>
         <load_address>0xeca2</load_address>
         <run_address>0xeca2</run_address>
         <size>0x2e6</size>
         <input_file_ref idref="fl-6"/>
      </object_component>
      <object_component id="oc-27">
         <name>.debug_info</name>
         <load_address>0xef88</load_address>
         <run_address>0xef88</run_address>
         <size>0x112</size>
         <input_file_ref idref="fl-6"/>
      </object_component>
      <object_component id="oc-68">
         <name>.debug_info</name>
         <load_address>0xf09a</load_address>
         <run_address>0xf09a</run_address>
         <size>0x175</size>
         <input_file_ref idref="fl-6"/>
      </object_component>
      <object_component id="oc-6e">
         <name>.debug_info</name>
         <load_address>0xf20f</load_address>
         <run_address>0xf20f</run_address>
         <size>0x15d</size>
         <input_file_ref idref="fl-6"/>
      </object_component>
      <object_component id="oc-419">
         <name>.debug_info</name>
         <load_address>0xf36c</load_address>
         <run_address>0xf36c</run_address>
         <size>0x807</size>
         <input_file_ref idref="fl-11"/>
      </object_component>
      <object_component id="oc-43b">
         <name>.debug_info</name>
         <load_address>0xfb73</load_address>
         <run_address>0xfb73</run_address>
         <size>0x140</size>
         <input_file_ref idref="fl-11"/>
      </object_component>
      <object_component id="oc-42a">
         <name>.debug_info</name>
         <load_address>0xfcb3</load_address>
         <run_address>0xfcb3</run_address>
         <size>0x1d9</size>
         <input_file_ref idref="fl-11"/>
      </object_component>
      <object_component id="oc-387">
         <name>.debug_info</name>
         <load_address>0xfe8c</load_address>
         <run_address>0xfe8c</run_address>
         <size>0x2a8</size>
         <input_file_ref idref="fl-11"/>
      </object_component>
      <object_component id="oc-4e3">
         <name>.debug_info</name>
         <load_address>0x10134</load_address>
         <run_address>0x10134</run_address>
         <size>0x1be</size>
         <input_file_ref idref="fl-11"/>
      </object_component>
      <object_component id="oc-13e">
         <name>.debug_info</name>
         <load_address>0x102f2</load_address>
         <run_address>0x102f2</run_address>
         <size>0x1e5</size>
         <input_file_ref idref="fl-11"/>
      </object_component>
      <object_component id="oc-436">
         <name>.debug_info</name>
         <load_address>0x104d7</load_address>
         <run_address>0x104d7</run_address>
         <size>0x28f</size>
         <input_file_ref idref="fl-11"/>
      </object_component>
      <object_component id="oc-2ad">
         <name>.debug_info</name>
         <load_address>0x10766</load_address>
         <run_address>0x10766</run_address>
         <size>0x1eb</size>
         <input_file_ref idref="fl-11"/>
      </object_component>
      <object_component id="oc-430">
         <name>.debug_info</name>
         <load_address>0x10951</load_address>
         <run_address>0x10951</run_address>
         <size>0x1d3</size>
         <input_file_ref idref="fl-11"/>
      </object_component>
      <object_component id="oc-34a">
         <name>.debug_info</name>
         <load_address>0x10b24</load_address>
         <run_address>0x10b24</run_address>
         <size>0x431a</size>
         <input_file_ref idref="fl-11"/>
      </object_component>
      <object_component id="oc-4d3">
         <name>.debug_info</name>
         <load_address>0x14e3e</load_address>
         <run_address>0x14e3e</run_address>
         <size>0x1b5</size>
         <input_file_ref idref="fl-11"/>
      </object_component>
      <object_component id="oc-359">
         <name>.debug_info</name>
         <load_address>0x14ff3</load_address>
         <run_address>0x14ff3</run_address>
         <size>0x26b</size>
         <input_file_ref idref="fl-11"/>
      </object_component>
      <object_component id="oc-34f">
         <name>.debug_info</name>
         <load_address>0x1525e</load_address>
         <run_address>0x1525e</run_address>
         <size>0x1028</size>
         <input_file_ref idref="fl-11"/>
      </object_component>
      <object_component id="oc-340">
         <name>.debug_info</name>
         <load_address>0x16286</load_address>
         <run_address>0x16286</run_address>
         <size>0x297</size>
         <input_file_ref idref="fl-11"/>
      </object_component>
      <object_component id="oc-23e">
         <name>.debug_info</name>
         <load_address>0x1651d</load_address>
         <run_address>0x1651d</run_address>
         <size>0xef</size>
         <input_file_ref idref="fl-11"/>
      </object_component>
      <object_component id="oc-239">
         <name>.debug_info</name>
         <load_address>0x1660c</load_address>
         <run_address>0x1660c</run_address>
         <size>0xbb</size>
         <input_file_ref idref="fl-11"/>
      </object_component>
      <object_component id="oc-132">
         <name>.debug_info</name>
         <load_address>0x166c7</load_address>
         <run_address>0x166c7</run_address>
         <size>0x224</size>
         <input_file_ref idref="fl-12"/>
      </object_component>
      <object_component id="oc-360">
         <name>.debug_info</name>
         <load_address>0x168eb</load_address>
         <run_address>0x168eb</run_address>
         <size>0x701</size>
         <input_file_ref idref="fl-13"/>
      </object_component>
      <object_component id="oc-288">
         <name>.debug_info</name>
         <load_address>0x16fec</load_address>
         <run_address>0x16fec</run_address>
         <size>0x135</size>
         <input_file_ref idref="fl-13"/>
      </object_component>
      <object_component id="oc-15d">
         <name>.debug_info</name>
         <load_address>0x17121</load_address>
         <run_address>0x17121</run_address>
         <size>0x252</size>
         <input_file_ref idref="fl-13"/>
      </object_component>
      <object_component id="oc-16f">
         <name>.debug_info</name>
         <load_address>0x17373</load_address>
         <run_address>0x17373</run_address>
         <size>0x2a5</size>
         <input_file_ref idref="fl-13"/>
      </object_component>
      <object_component id="oc-163">
         <name>.debug_info</name>
         <load_address>0x17618</load_address>
         <run_address>0x17618</run_address>
         <size>0x25a</size>
         <input_file_ref idref="fl-13"/>
      </object_component>
      <object_component id="oc-169">
         <name>.debug_info</name>
         <load_address>0x17872</load_address>
         <run_address>0x17872</run_address>
         <size>0x258</size>
         <input_file_ref idref="fl-13"/>
      </object_component>
      <object_component id="oc-2b4">
         <name>.debug_info</name>
         <load_address>0x17aca</load_address>
         <run_address>0x17aca</run_address>
         <size>0x278</size>
         <input_file_ref idref="fl-13"/>
      </object_component>
      <object_component id="oc-14a">
         <name>.debug_info</name>
         <load_address>0x17d42</load_address>
         <run_address>0x17d42</run_address>
         <size>0x274</size>
         <input_file_ref idref="fl-13"/>
      </object_component>
      <object_component id="oc-2f2">
         <name>.debug_info</name>
         <load_address>0x17fb6</load_address>
         <run_address>0x17fb6</run_address>
         <size>0x27e</size>
         <input_file_ref idref="fl-13"/>
      </object_component>
      <object_component id="oc-151">
         <name>.debug_info</name>
         <load_address>0x18234</load_address>
         <run_address>0x18234</run_address>
         <size>0x254</size>
         <input_file_ref idref="fl-13"/>
      </object_component>
      <object_component id="oc-291">
         <name>.debug_info</name>
         <load_address>0x18488</load_address>
         <run_address>0x18488</run_address>
         <size>0x25e</size>
         <input_file_ref idref="fl-13"/>
      </object_component>
      <object_component id="oc-105">
         <name>.debug_info</name>
         <load_address>0x186e6</load_address>
         <run_address>0x186e6</run_address>
         <size>0x25a</size>
         <input_file_ref idref="fl-13"/>
      </object_component>
      <object_component id="oc-112">
         <name>.debug_info</name>
         <load_address>0x18940</load_address>
         <run_address>0x18940</run_address>
         <size>0x264</size>
         <input_file_ref idref="fl-13"/>
      </object_component>
      <object_component id="oc-384">
         <name>.debug_info</name>
         <load_address>0x18ba4</load_address>
         <run_address>0x18ba4</run_address>
         <size>0x68f</size>
         <input_file_ref idref="fl-14"/>
      </object_component>
      <object_component id="oc-2a4">
         <name>.debug_info</name>
         <load_address>0x19233</load_address>
         <run_address>0x19233</run_address>
         <size>0x12e</size>
         <input_file_ref idref="fl-14"/>
      </object_component>
      <object_component id="oc-155">
         <name>.debug_info</name>
         <load_address>0x19361</load_address>
         <run_address>0x19361</run_address>
         <size>0x219</size>
         <input_file_ref idref="fl-14"/>
      </object_component>
      <object_component id="oc-298">
         <name>.debug_info</name>
         <load_address>0x1957a</load_address>
         <run_address>0x1957a</run_address>
         <size>0x3a5</size>
         <input_file_ref idref="fl-15"/>
      </object_component>
      <object_component id="oc-137">
         <name>.debug_info</name>
         <load_address>0x1991f</load_address>
         <run_address>0x1991f</run_address>
         <size>0x220</size>
         <input_file_ref idref="fl-15"/>
      </object_component>
      <object_component id="oc-363">
         <name>.debug_info</name>
         <load_address>0x19b3f</load_address>
         <run_address>0x19b3f</run_address>
         <size>0x1eb</size>
         <input_file_ref idref="fl-15"/>
      </object_component>
      <object_component id="oc-36a">
         <name>.debug_info</name>
         <load_address>0x19d2a</load_address>
         <run_address>0x19d2a</run_address>
         <size>0x1f9</size>
         <input_file_ref idref="fl-15"/>
      </object_component>
      <object_component id="oc-421">
         <name>.debug_info</name>
         <load_address>0x19f23</load_address>
         <run_address>0x19f23</run_address>
         <size>0x346</size>
         <input_file_ref idref="fl-15"/>
      </object_component>
      <object_component id="oc-376">
         <name>.debug_info</name>
         <load_address>0x1a269</load_address>
         <run_address>0x1a269</run_address>
         <size>0x202</size>
         <input_file_ref idref="fl-15"/>
      </object_component>
      <object_component id="oc-370">
         <name>.debug_info</name>
         <load_address>0x1a46b</load_address>
         <run_address>0x1a46b</run_address>
         <size>0x1ac</size>
         <input_file_ref idref="fl-15"/>
      </object_component>
      <object_component id="oc-529">
         <name>.debug_info</name>
         <load_address>0x1a617</load_address>
         <run_address>0x1a617</run_address>
         <size>0x5c9</size>
         <input_file_ref idref="fl-18"/>
      </object_component>
      <object_component id="oc-4dc">
         <name>.debug_info</name>
         <load_address>0x1abe0</load_address>
         <run_address>0x1abe0</run_address>
         <size>0x298</size>
         <input_file_ref idref="fl-18"/>
      </object_component>
      <object_component id="oc-286">
         <name>.debug_info</name>
         <load_address>0x1ae78</load_address>
         <run_address>0x1ae78</run_address>
         <size>0x725</size>
         <input_file_ref idref="fl-19"/>
      </object_component>
      <object_component id="oc-280">
         <name>.debug_info</name>
         <load_address>0x1b59d</load_address>
         <run_address>0x1b59d</run_address>
         <size>0x25e</size>
         <input_file_ref idref="fl-19"/>
      </object_component>
      <object_component id="oc-2f6">
         <name>.debug_info</name>
         <load_address>0x1b7fb</load_address>
         <run_address>0x1b7fb</run_address>
         <size>0x215</size>
         <input_file_ref idref="fl-19"/>
      </object_component>
      <object_component id="oc-2b9">
         <name>.debug_info</name>
         <load_address>0x1ba10</load_address>
         <run_address>0x1ba10</run_address>
         <size>0x23d</size>
         <input_file_ref idref="fl-19"/>
      </object_component>
      <object_component id="oc-3ef">
         <name>.debug_info</name>
         <load_address>0x1bc4d</load_address>
         <run_address>0x1bc4d</run_address>
         <size>0x22b</size>
         <input_file_ref idref="fl-19"/>
      </object_component>
      <object_component id="oc-2bf">
         <name>.debug_info</name>
         <load_address>0x1be78</load_address>
         <run_address>0x1be78</run_address>
         <size>0x1dd</size>
         <input_file_ref idref="fl-19"/>
      </object_component>
      <object_component id="oc-ff">
         <name>.debug_info</name>
         <load_address>0x1c055</load_address>
         <run_address>0x1c055</run_address>
         <size>0x248</size>
         <input_file_ref idref="fl-19"/>
      </object_component>
      <object_component id="oc-2fd">
         <name>.debug_info</name>
         <load_address>0x1c29d</load_address>
         <run_address>0x1c29d</run_address>
         <size>0x1db</size>
         <input_file_ref idref="fl-19"/>
      </object_component>
      <object_component id="oc-d3">
         <name>.debug_info</name>
         <load_address>0x1c478</load_address>
         <run_address>0x1c478</run_address>
         <size>0x27c</size>
         <input_file_ref idref="fl-19"/>
      </object_component>
      <object_component id="oc-354">
         <name>.debug_info</name>
         <load_address>0x1c6f4</load_address>
         <run_address>0x1c6f4</run_address>
         <size>0x341</size>
         <input_file_ref idref="fl-19"/>
      </object_component>
      <object_component id="oc-2a0">
         <name>.debug_info</name>
         <load_address>0x1ca35</load_address>
         <run_address>0x1ca35</run_address>
         <size>0x6eb</size>
         <input_file_ref idref="fl-1a"/>
      </object_component>
      <object_component id="oc-143">
         <name>.debug_info</name>
         <load_address>0x1d120</load_address>
         <run_address>0x1d120</run_address>
         <size>0x234</size>
         <input_file_ref idref="fl-1a"/>
      </object_component>
      <object_component id="oc-260">
         <name>.debug_info</name>
         <load_address>0x1d354</load_address>
         <run_address>0x1d354</run_address>
         <size>0x229</size>
         <input_file_ref idref="fl-1a"/>
      </object_component>
      <object_component id="oc-dd">
         <name>.debug_info</name>
         <load_address>0x1d57d</load_address>
         <run_address>0x1d57d</run_address>
         <size>0x26c</size>
         <input_file_ref idref="fl-1a"/>
      </object_component>
      <object_component id="oc-37d">
         <name>.debug_info</name>
         <load_address>0x1d7e9</load_address>
         <run_address>0x1d7e9</run_address>
         <size>0x102</size>
         <input_file_ref idref="fl-1a"/>
      </object_component>
      <object_component id="oc-2e1">
         <name>.debug_info</name>
         <load_address>0x1d8eb</load_address>
         <run_address>0x1d8eb</run_address>
         <size>0x333</size>
         <input_file_ref idref="fl-d2"/>
      </object_component>
      <object_component id="oc-19d">
         <name>.debug_info</name>
         <load_address>0x1dc1e</load_address>
         <run_address>0x1dc1e</run_address>
         <size>0x1d1</size>
         <input_file_ref idref="fl-d2"/>
      </object_component>
      <object_component id="oc-2d6">
         <name>.debug_info</name>
         <load_address>0x1ddef</load_address>
         <run_address>0x1ddef</run_address>
         <size>0x18d</size>
         <input_file_ref idref="fl-d2"/>
      </object_component>
      <object_component id="oc-2dd">
[...]
      </symbol>
      <symbol id="sm-3de">
         <name>CS_getDCOFrequency</name>
         <value>0x25d1</value>
         <object_component_ref idref="oc-434"/>
      </symbol>
      <symbol id="sm-3df">
         <name>CS_getSMCLK</name>
         <value>0x401d</value>
         <object_component_ref idref="oc-2ab"/>
      </symbol>
      <symbol id="sm-3e0">
         <name>CS_setDCOCenteredFrequency</name>
         <value>0x3e91</value>
         <object_component_ref idref="oc-13c"/>
      </symbol>
      <symbol id="sm-3ef">
         <name>FlashCtl_setWaitState</name>
         <value>0x3bd5</value>
         <object_component_ref idref="oc-130"/>
      </symbol>
      <symbol id="sm-479">
         <name>GPIO_setOutputHighOnPin</name>
         <value>0x4095</value>
         <object_component_ref idref="oc-160"/>
      </symbol>
      <symbol id="sm-47a">
         <name>GPIO_setAsInputPinWithPullDownResistor</name>
         <value>0x37a1</value>
         <object_component_ref idref="oc-2b1"/>
      </symbol>
      <symbol id="sm-47b">
         <name>GPIO_setAsInputPinWithPullUpResistor</name>
         <value>0x37f9</value>
         <object_component_ref idref="oc-148"/>
      </symbol>
      <symbol id="sm-47c">
         <name>GPIO_getInterruptStatus</name>
         <value>0x4109</value>
         <object_component_ref idref="oc-28f"/>
      </symbol>
      <symbol id="sm-47d">
         <name>GPIO_enableInterrupt</name>
         <value>0x406d</value>
         <object_component_ref idref="oc-14e"/>
      </symbol>
      <symbol id="sm-47e">
         <name>GPIO_getEnabledInterruptStatus</name>
         <value>0x2f19</value>
         <object_component_ref idref="oc-110"/>
      </symbol>
      <symbol id="sm-47f">
         <name>GPIO_setAsOutputPin</name>
         <value>0x3ca9</value>
         <object_component_ref idref="oc-15a"/>
      </symbol>
      <symbol id="sm-480">
         <name>GPIO_setOutputLowOnPin</name>
         <value>0x40bd</value>
         <object_component_ref idref="oc-166"/>
      </symbol>
      <symbol id="sm-481">
         <name>GPIO_clearInterruptFlag</name>
         <value>0x4045</value>
         <object_component_ref idref="oc-103"/>
      </symbol>
      <symbol id="sm-482">
         <name>GPIO_setAsPeripheralModuleFunctionOutputPin</name>
         <value>0x2cfd</value>
         <object_component_ref idref="oc-16c"/>
      </symbol>
      <symbol id="sm-483">
         <name>GPIO_getInputPinValue</name>
         <value>0x3f91</value>
         <object_component_ref idref="oc-2ef"/>
      </symbol>
      <symbol id="sm-4a0">
         <name>Interrupt_enableInterrupt</name>
         <value>0x2f9d</value>
         <object_component_ref idref="oc-154"/>
      </symbol>
      <symbol id="sm-51e">
         <name>PCM_setCoreVoltageLevel</name>
         <value>0x4257</value>
         <object_component_ref idref="oc-136"/>
      </symbol>
      <symbol id="sm-51f">
         <name>PCM_getCoreVoltageLevel</name>
         <value>0x362f</value>
         <object_component_ref idref="oc-368"/>
      </symbol>
      <symbol id="sm-520">
         <name>PCM_getPowerMode</name>
         <value>0x3745</value>
         <object_component_ref idref="oc-362"/>
      </symbol>
      <symbol id="sm-521">
         <name>PCM_getPowerState</name>
         <value>0x41f5</value>
         <object_component_ref idref="oc-36e"/>
      </symbol>
      <symbol id="sm-522">
         <name>PCM_setPowerMode</name>
         <value>0x4267</value>
         <object_component_ref idref="oc-374"/>
      </symbol>
      <symbol id="sm-53a">
         <name>SysCtl_A_getTLVInfo</name>
         <value>0x2b51</value>
         <object_component_ref idref="oc-4db"/>
      </symbol>
      <symbol id="sm-5a2">
         <name>Timer_A_getCounterValue</name>
         <value>0x3af5</value>
         <object_component_ref idref="oc-3ee"/>
      </symbol>
      <symbol id="sm-5a3">
         <name>Timer_A_clearCaptureCompareInterrupt</name>
         <value>0x3ff1</value>
         <object_component_ref idref="oc-d1"/>
      </symbol>
      <symbol id="sm-5a4">
         <name>Timer_A_generatePWM</name>
         <value>0x3205</value>
         <object_component_ref idref="oc-fd"/>
      </symbol>
      <symbol id="sm-5a5">
         <name>Timer_A_startCounter</name>
         <value>0x41c9</value>
         <object_component_ref idref="oc-2f5"/>
      </symbol>
      <symbol id="sm-5a6">
         <name>Timer_A_stopTimer</name>
         <value>0x4209</value>
         <object_component_ref idref="oc-2fb"/>
      </symbol>
      <symbol id="sm-5a7">
         <name>Timer_A_clearTimer</name>
         <value>0x4181</value>
         <object_component_ref idref="oc-2bd"/>
      </symbol>
      <symbol id="sm-5a8">
         <name>Timer_A_configureUpMode</name>
         <value>0x3435</value>
         <object_component_ref idref="oc-2b7"/>
      </symbol>
      <symbol id="sm-5e0">
         <name>UART_getEnabledInterruptStatus</name>
         <value>0x3505</value>
         <object_component_ref idref="oc-db"/>
      </symbol>
      <symbol id="sm-5e1">
         <name>UART_getInterruptStatus</name>
         <value>0x4199</value>
         <object_component_ref idref="oc-25e"/>
      </symbol>
      <symbol id="sm-5e2">
         <name>UART_initModule</name>
         <value>0x209d</value>
         <object_component_ref idref="oc-142"/>
      </symbol>
      <symbol id="sm-60b">
         <name>sprintf</name>
         <value>0x3d29</value>
         <object_component_ref idref="oc-19c"/>
      </symbol>
      <symbol id="sm-61a">
         <name>__aeabi_memset</name>
         <value>0x309b</value>
         <object_component_ref idref="oc-ab"/>
      </symbol>
      <symbol id="sm-61b">
         <name>memset</name>
         <value>0x30a1</value>
         <object_component_ref idref="oc-ab"/>
      </symbol>
      <symbol id="sm-61c">
         <name>__aeabi_memset8</name>
         <value>0x309b</value>
         <object_component_ref idref="oc-ab"/>
      </symbol>
      <symbol id="sm-61d">
         <name>__aeabi_memset4</name>
         <value>0x309b</value>
         <object_component_ref idref="oc-ab"/>
      </symbol>
      <symbol id="sm-61e">
         <name>__aeabi_memclr8</name>
         <value>0x3099</value>
         <object_component_ref idref="oc-ab"/>
      </symbol>
      <symbol id="sm-61f">
         <name>__aeabi_memclr4</name>
         <value>0x3099</value>
         <object_component_ref idref="oc-ab"/>
      </symbol>
      <symbol id="sm-620">
         <name>__aeabi_memclr</name>
         <value>0x3099</value>
         <object_component_ref idref="oc-ab"/>
      </symbol>
      <symbol id="sm-62b">
         <name>__aeabi_f2d</name>
         <value>0x3e59</value>
         <object_component_ref idref="oc-1ae"/>
      </symbol>
      <symbol id="sm-646">
         <name>memcpy</name>
         <value>0x2985</value>
         <object_component_ref idref="oc-37"/>
      </symbol>
      <symbol id="sm-647">
         <name>__aeabi_memcpy</name>
         <value>0x2985</value>
         <object_component_ref idref="oc-37"/>
      </symbol>
      <symbol id="sm-648">
         <name>__aeabi_memcpy8</name>
         <value>0x2985</value>
         <object_component_ref idref="oc-37"/>
      </symbol>
      <symbol id="sm-649">
         <name>__aeabi_memcpy4</name>
         <value>0x2985</value>
         <object_component_ref idref="oc-37"/>
      </symbol>
      <symbol id="sm-65b">
         <name>__TI_zero_init</name>
         <value>0x4291</value>
         <object_component_ref idref="oc-49"/>
      </symbol>
      <symbol id="sm-672">
         <name>__TI_decompress_none</name>
         <value>0x4277</value>
         <object_component_ref idref="oc-1d"/>
      </symbol>
      <symbol id="sm-695">
         <name>__TI_decompress_lzss</name>
         <value>0x349d</value>
         <object_component_ref idref="oc-17"/>
      </symbol>
      <symbol id="sm-6a6">
         <name>ltoa</name>
         <value>0x3359</value>
         <object_component_ref idref="oc-2e2"/>
      </symbol>
      <symbol id="sm-6b4">
         <name>strcpy</name>
         <value>0x421d</value>
         <object_component_ref idref="oc-3e2"/>
      </symbol>
      <symbol id="sm-6c7">
         <name>strstr</name>
         <value>0x3f2d</value>
         <object_component_ref idref="oc-1b9"/>
      </symbol>
      <symbol id="sm-6da">
         <name>__stack</name>
         <value>0x2000fe00</value>
         <object_component_ref idref="oc-29"/>
      </symbol>
      <symbol id="sm-6db">
         <name>_c_int00_noargs</name>
         <value>0x3ec5</value>
         <object_component_ref idref="oc-55"/>
      </symbol>
      <symbol id="sm-840">
         <name>__TI_printfi</name>
         <value>0xe5</value>
         <object_component_ref idref="oc-2ce"/>
      </symbol>
      <symbol id="sm-860">
         <name>frexpl</name>
         <value>0x3569</value>
         <object_component_ref idref="oc-48b"/>
      </symbol>
      <symbol id="sm-861">
         <name>frexp</name>
         <value>0x3569</value>
         <object_component_ref idref="oc-48b"/>
      </symbol>
      <symbol id="sm-87e">
         <name>scalbn</name>
         <value>0x21b9</value>
         <object_component_ref idref="oc-491"/>
      </symbol>
      <symbol id="sm-87f">
         <name>scalbnl</name>
         <value>0x21b9</value>
         <object_component_ref idref="oc-491"/>
      </symbol>
      <symbol id="sm-880">
         <name>ldexpl</name>
         <value>0x21b9</value>
         <object_component_ref idref="oc-491"/>
      </symbol>
      <symbol id="sm-881">
         <name>ldexp</name>
         <value>0x21b9</value>
         <object_component_ref idref="oc-491"/>
      </symbol>
      <symbol id="sm-88b">
         <name>copysign</name>
         <value>0x4165</value>
         <object_component_ref idref="oc-50a"/>
      </symbol>
      <symbol id="sm-88c">
         <name>copysignl</name>
         <value>0x4165</value>
         <object_component_ref idref="oc-50a"/>
      </symbol>
      <symbol id="sm-899">
         <name>__aeabi_uldivmod</name>
         <value>0x2ab9</value>
         <object_component_ref idref="oc-445"/>
      </symbol>
      <symbol id="sm-8b0">
         <name>__aeabi_dsub</name>
         <value>0x1615</value>
         <object_component_ref idref="oc-46b"/>
      </symbol>
      <symbol id="sm-8b1">
         <name>__aeabi_dadd</name>
         <value>0x161f</value>
         <object_component_ref idref="oc-46b"/>
      </symbol>
      <symbol id="sm-8d3">
         <name>__aeabi_cdcmpeq</name>
         <value>0x2e0d</value>
         <object_component_ref idref="oc-3a3"/>
      </symbol>
      <symbol id="sm-8d4">
         <name>__aeabi_cdcmple</name>
         <value>0x2e0d</value>
         <object_component_ref idref="oc-3a3"/>
      </symbol>
      <symbol id="sm-8d5">
         <name>__aeabi_cdrcmple</name>
         <value>0x2e93</value>
         <object_component_ref idref="oc-456"/>
      </symbol>
      <symbol id="sm-8e9">
         <name>__aeabi_ddiv</name>
         <value>0x1e41</value>
         <object_component_ref idref="oc-451"/>
      </symbol>
      <symbol id="sm-8f4">
         <name>__aeabi_dmul</name>
         <value>0x24d5</value>
         <object_component_ref idref="oc-44c"/>
      </symbol>
      <symbol id="sm-8fe">
         <name>__aeabi_d2iz</name>
         <value>0x3c1d</value>
         <object_component_ref idref="oc-45b"/>
      </symbol>
      <symbol id="sm-908">
         <name>__aeabi_i2d</name>
         <value>0x3fc1</value>
         <object_component_ref idref="oc-466"/>
      </symbol>
      <symbol id="sm-930">
         <name>__TI_auto_init_nobinit_nopinit</name>
         <value>0x3c65</value>
         <object_component_ref idref="oc-205"/>
      </symbol>
      <symbol id="sm-93a">
         <name>_system_pre_init</name>
         <value>0x42b9</value>
         <object_component_ref idref="oc-b1"/>
      </symbol>
      <symbol id="sm-946">
         <name>C$$EXIT</name>
         <value>0x42bd</value>
         <object_component_ref idref="oc-1f9"/>
      </symbol>
      <symbol id="sm-947">
         <name>abort</name>
         <value>0x42bd</value>
         <object_component_ref idref="oc-1f9"/>
      </symbol>
      <symbol id="sm-957">
         <name>__TI_ltoa</name>
         <value>0x39ad</value>
         <object_component_ref idref="oc-460"/>
      </symbol>
      <symbol id="sm-96e">
         <name>atoi</name>
         <value>0x3b41</value>
         <object_component_ref idref="oc-397"/>
      </symbol>
      <symbol id="sm-979">
         <name>_ctypes_</name>
         <value>0x42c0</value>
         <object_component_ref idref="oc-440"/>
      </symbol>
      <symbol id="sm-989">
         <name>memccpy</name>
         <value>0x4149</value>
         <object_component_ref idref="oc-3c0"/>
      </symbol>
      <symbol id="sm-999">
         <name>strchr</name>
         <value>0x41df</value>
         <object_component_ref idref="oc-497"/>
      </symbol>
      <symbol id="sm-9a7">
         <name>strlen</name>
         <value>0x4231</value>
         <object_component_ref idref="oc-391"/>
      </symbol>
      <symbol id="sm-9bd">
         <name>__aeabi_errno_addr</name>
         <value>0x42b1</value>
         <object_component_ref idref="oc-3cc"/>
      </symbol>
      <symbol id="sm-9be">
         <name>errno</name>
         <value>0x200018a8</value>
         <object_component_ref idref="oc-4a7"/>
      </symbol>
      <symbol id="sm-9d7">
         <name>wcslen</name>
         <value>0x4245</value>
         <object_component_ref idref="oc-3c6"/>
      </symbol>
      <symbol id="sm-9e1">
         <name>__aeabi_idiv0</name>
         <value>0x17cb</value>
         <object_component_ref idref="oc-4f1"/>
      </symbol>
      <symbol id="sm-9e2">
         <name>__aeabi_ldiv0</name>
         <value>0x17cb</value>
         <object_component_ref idref="oc-4f1"/>
      </symbol>
      <symbol id="sm-9e3">
         <name>__TI_static_base__</name>
         <value>0x0</value>
      </symbol>
      <symbol id="sm-9e6">
         <name>__mpu_init</name>
         <value>0x0</value>
      </symbol>
      <symbol id="sm-9e7">
         <name>_system_post_cinit</name>
         <value>0x0</value>
      </symbol>
      <symbol id="sm-9e8">
         <name>NMI_Handler</name>
         <value>0xb33</value>
      </symbol>
      <symbol id="sm-9e9">
         <name>HardFault_Handler</name>
         <value>0xb33</value>
      </symbol>
      <symbol id="sm-9ea">
         <name>MemManage_Handler</name>
         <value>0xb33</value>
      </symbol>
      <symbol id="sm-9eb">
         <name>BusFault_Handler</name>
         <value>0xb33</value>
      </symbol>
      <symbol id="sm-9ec">
         <name>UsageFault_Handler</name>
         <value>0xb33</value>
      </symbol>
      <symbol id="sm-9ed">
         <name>SVC_Handler</name>
         <value>0xb33</value>
      </symbol>
      <symbol id="sm-9ee">
         <name>DebugMon_Handler</name>
         <value>0xb33</value>
      </symbol>
      <symbol id="sm-9ef">
         <name>PendSV_Handler</name>
         <value>0xb33</value>
      </symbol>
      <symbol id="sm-9f0">
         <name>SysTick_Handler</name>
         <value>0xb33</value>
      </symbol>
      <symbol id="sm-9f1">
         <name>PSS_IRQHandler</name>
         <value>0xb33</value>
      </symbol>
      <symbol id="sm-9f2">
         <name>CS_IRQHandler</name>
         <value>0xb33</value>
      </symbol>
      <symbol id="sm-9f3">
         <name>PCM_IRQHandler</name>
         <value>0xb33</value>
      </symbol>
      <symbol id="sm-9f4">
         <name>WDT_A_IRQHandler</name>
         <value>0xb33</value>
      </symbol>
      <symbol id="sm-9f5">
         <name>FPU_IRQHandler</name>
         <value>0xb33</value>
      </symbol>
      <symbol id="sm-9f6">
         <name>FLCTL_IRQHandler</name>
         <value>0xb33</value>
      </symbol>
      <symbol id="sm-9f7">
         <name>COMP_E0_IRQHandler</name>
         <value>0xb33</value>
      </symbol>
      <symbol id="sm-9f8">
         <name>COMP_E1_IRQHandler</name>
         <value>0xb33</value>
      </symbol>
      <symbol id="sm-9f9">
         <name>TA0_0_IRQHandler</name>
         <value>0x412d</value>
      </symbol>
      <symbol id="sm-9fa">
         <name>TA0_N_IRQHandler</name>
         <value>0xb33</value>
      </symbol>
      <symbol id="sm-9fb">
         <name>TA1_0_IRQHandler</name>
         <value>0xb33</value>
      </symbol>
      <symbol id="sm-9fc">
         <name>TA1_N_IRQHandler</name>
         <value>0xb33</value>
      </symbol>
      <symbol id="sm-9fd">
         <name>TA2_0_IRQHandler</name>
         <value>0xb33</value>
      </symbol>
      <symbol id="sm-9fe">
         <name>TA2_N_IRQHandler</name>
         <value>0xb33</value>
      </symbol>
      <symbol id="sm-9ff">
         <name>TA3_0_IRQHandler</name>
         <value>0xb33</value>
      </symbol>
      <symbol id="sm-a00">
         <name>TA3_N_IRQHandler</name>
         <value>0xb33</value>
      </symbol>
      <symbol id="sm-a01">
         <name>EUSCIA0_IRQHandler</name>
         <value>0x28e9</value>
      </symbol>
      <symbol id="sm-a02">
         <name>EUSCIA1_IRQHandler</name>
         <value>0xb33</value>
      </symbol>
      <symbol id="sm-a03">
         <name>EUSCIA2_IRQHandler</name>
         <value>0x2c71</value>
      </symbol>
      <symbol id="sm-a04">
         <name>EUSCIA3_IRQHandler</name>
         <value>0xb33</value>
      </symbol>
      <symbol id="sm-a05">
         <name>EUSCIB0_IRQHandler</name>
         <value>0xb33</value>
      </symbol>
      <symbol id="sm-a06">
         <name>EUSCIB1_IRQHandler</name>
         <value>0xb33</value>
      </symbol>
      <symbol id="sm-a07">
         <name>EUSCIB2_IRQHandler</name>
         <value>0xb33</value>
      </symbol>
      <symbol id="sm-a08">
         <name>EUSCIB3_IRQHandler</name>
         <value>0xb33</value>
      </symbol>
      <symbol id="sm-a09">
         <name>ADC14_IRQHandler</name>
         <value>0xb33</value>
      </symbol>
      <symbol id="sm-a0a">
         <name>T32_INT1_IRQHandler</name>
         <value>0xb33</value>
      </symbol>
      <symbol id="sm-a0b">
         <name>T32_INT2_IRQHandler</name>
         <value>0xb33</value>
      </symbol>
      <symbol id="sm-a0c">
         <name>T32_INTC_IRQHandler</name>
         <value>0xb33</value>
      </symbol>
      <symbol id="sm-a0d">
         <name>AES256_IRQHandler</name>
         <value>0xb33</value>
      </symbol>
      <symbol id="sm-a0e">
         <name>RTC_C_IRQHandler</name>
         <value>0xb33</value>
      </symbol>
      <symbol id="sm-a0f">
         <name>DMA_ERR_IRQHandler</name>
         <value>0xb33</value>
      </symbol>
      <symbol id="sm-a10">
         <name>DMA_INT3_IRQHandler</name>
         <value>0xb33</value>
      </symbol>
      <symbol id="sm-a11">
         <name>DMA_INT2_IRQHandler</name>
         <value>0xb33</value>
      </symbol>
      <symbol id="sm-a12">
         <name>DMA_INT1_IRQHandler</name>
         <value>0xb33</value>
      </symbol>
      <symbol id="sm-a13">
         <name>DMA_INT0_IRQHandler</name>
         <value>0xb33</value>
      </symbol>
      <symbol id="sm-a14">
         <name>PORT1_IRQHandler</name>
         <value>0x3279</value>
      </symbol>
      <symbol id="sm-a15">
         <name>PORT2_IRQHandler</name>
         <value>0xb33</value>
      </symbol>
      <symbol id="sm-a16">
         <name>PORT3_IRQHandler</name>
         <value>0x2849</value>
      </symbol>
      <symbol id="sm-a17">
         <name>PORT4_IRQHandler</name>
         <value>0xb33</value>
      </symbol>
      <symbol id="sm-a18">
         <name>PORT5_IRQHandler</name>
         <value>0xb33</value>
      </symbol>
      <symbol id="sm-a19">
         <name>PORT6_IRQHandler</name>
         <value>0xb33</value>
      </symbol>
   </symbol_table>
   <title>Link successful</title>
</link_info>
